START: ptest-runner
2025-01-19T16:29
BEGIN: /usr/lib/fftw/ptest
PASS: fftw
PASS: fftwf
PASS: fftwl
DURATION: 5786
END: /usr/lib/fftw/ptest
2025-01-19T18:05
2025-01-19T18:05
BEGIN: /usr/lib/gnuradio/ptest
Test project /usr/lib/gnuradio/ptest
        Start   1: qa_flowgraph
  1/221 Test   #1: qa_flowgraph .........................   Passed
        Start   2: qa_prefs
  2/221 Test   #2: qa_prefs .............................   Passed
        Start   3: qa_python_logging
  3/221 Test   #3: qa_python_logging ....................   Passed
        Start   4: qa_random
  4/221 Test   #4: qa_random ............................   Passed
        Start   5: qa_sys_paths
  5/221 Test   #5: qa_sys_paths .........................   Passed
        Start   6: qa_tag_utils
[    0.000000] Linux version 6.12.9-yocto-standard (oe-user@oe-host) (x86_64-oe-linux-gcc (GCC) 14.2.0, GNU ld (GNU Binutils) 2.43.1.20241111) #1 SMP PREEMPT_DYNAMIC Fri Jan 10 17:45:39 UTC 2025
[    0.000000] Command line: root=/dev/vda rw  ip=192.168.7.2::192.168.7.1:255.255.255.0::eth0:off:8.8.8.8 net.ifnames=0 oprofile.timer=1 tsc=reliable no_timer_check rcupdate.rcu_expedited=1 swiotlb=0 
[    0.000000] BIOS-provided physical RAM map:
[    0.000000] BIOS-e820: [mem 0x0000000000000000-0x000000000009fbff] usable
[    0.000000] BIOS-e820: [mem 0x000000000009fc00-0x000000000009ffff] reserved
[    0.000000] BIOS-e820: [mem 0x00000000000f0000-0x00000000000fffff] reserved
[    0.000000] BIOS-e820: [mem 0x0000000000100000-0x000000007ffd7fff] usable
[    0.000000] BIOS-e820: [mem 0x000000007ffd8000-0x000000007fffffff] reserved
[    0.000000] BIOS-e820: [mem 0x00000000b0000000-0x00000000bfffffff] reserved
[    0.000000] BIOS-e820: [mem 0x00000000fed1c000-0x00000000fed1ffff] reserved
[    0.000000] BIOS-e820: [mem 0x00000000fffc0000-0x00000000ffffffff] reserved
[    0.000000] BIOS-e820: [mem 0x0000000100000000-0x000000017fffffff] usable
[    0.000000] NX (Execute Disable) protection: active
[    0.000000] APIC: Static calls initialized
[    0.000000] SMBIOS 2.8 present.
[    0.000000] DMI: QEMU Standard PC (Q35 + ICH9, 2009), BIOS rel-1.16.3-0-ga6ed6b701f0a-prebuilt.qemu.org 04/01/2014
[    0.000000] DMI: Memory slots populated: 1/1
[    0.000000] tsc: Fast TSC calibration using PIT
[    0.000000] tsc: Detected 3599.984 MHz processor
[    0.013909] e820: update [mem 0x00000000-0x00000fff] usable ==> reserved
[    0.014155] e820: remove [mem 0x000a0000-0x000fffff] usable
[    0.014424] last_pfn = 0x180000 max_arch_pfn = 0x400000000
[    0.015388] MTRR map: 4 entries (3 fixed + 1 variable; max 19), built from 8 variable MTRRs
[    0.015628] x86/PAT: Configuration [0-7]: WB  WC  UC- UC  WB  WP  UC- WT  
[    0.017438] last_pfn = 0x7ffd8 max_arch_pfn = 0x400000000
[    0.039879] found SMP MP-table at [mem 0x000f5450-0x000f545f]
[    0.047452] ACPI: Early table checksum verification disabled
[    0.048095] ACPI: RSDP 0x00000000000F5260 000014 (v00 BOCHS )
[    0.048531] ACPI: RSDT 0x000000007FFE2452 000038 (v01 BOCHS  BXPC     00000001 BXPC 00000001)
[    0.049436] ACPI: FACP 0x000000007FFE2232 0000F4 (v03 BOCHS  BXPC     00000001 BXPC 00000001)
[    0.050260] ACPI: DSDT 0x000000007FFE0040 0021F2 (v01 BOCHS  BXPC     00000001 BXPC 00000001)
[    0.050369] ACPI: FACS 0x000000007FFE0000 000040
[    0.050452] ACPI: APIC 0x000000007FFE2326 000090 (v03 BOCHS  BXPC     00000001 BXPC 00000001)
[    0.050493] ACPI: HPET 0x000000007FFE23B6 000038 (v01 BOCHS  BXPC     00000001 BXPC 00000001)
[    0.050529] ACPI: MCFG 0x000000007FFE23EE 00003C (v01 BOCHS  BXPC     00000001 BXPC 00000001)
[    0.050564] ACPI: WAET 0x000000007FFE242A 000028 (v01 BOCHS  BXPC     00000001 BXPC 00000001)
[    0.050682] ACPI: Reserving FACP table memory at [mem 0x7ffe2232-0x7ffe2325]
[    0.050745] ACPI: Reserving DSDT table memory at [mem 0x7ffe0040-0x7ffe2231]
[    0.050773] ACPI: Reserving FACS table memory at [mem 0x7ffe0000-0x7ffe003f]
[    0.050783] ACPI: Reserving APIC table memory at [mem 0x7ffe2326-0x7ffe23b5]
[    0.050791] ACPI: Reserving HPET table memory at [mem 0x7ffe23b6-0x7ffe23ed]
[    0.050798] ACPI: Reserving MCFG table memory at [mem 0x7ffe23ee-0x7ffe2429]
[    0.050806] ACPI: Reserving WAET table memory at [mem 0x7ffe242a-0x7ffe2451]
[    0.055271] Zone ranges:
[    0.055307]   DMA      [mem 0x0000000000001000-0x0000000000ffffff]
[    0.055407]   DMA32    [mem 0x0000000001000000-0x00000000ffffffff]
[    0.055422]   Normal   [mem 0x0000000100000000-0x000000017fffffff]
[    0.055441] Movable zone start for each node
[    0.055480] Early memory node ranges
[    0.055518]   node   0: [mem 0x0000000000001000-0x000000000009efff]
[    0.055697]   node   0: [mem 0x0000000000100000-0x000000007ffd7fff]
[    0.055744]   node   0: [mem 0x0000000100000000-0x000000017fffffff]
[    0.055958] Initmem setup node 0 [mem 0x0000000000001000-0x000000017fffffff]
[    0.057221] On node 0, zone DMA: 1 pages in unavailable ranges
[    0.057739] On node 0, zone DMA: 97 pages in unavailable ranges
[    0.138223] On node 0, zone Normal: 40 pages in unavailable ranges
[    0.139001] ACPI: PM-Timer IO Port: 0x608
[    0.139541] ACPI: LAPIC_NMI (acpi_id[0xff] dfl dfl lint[0x1])
[    0.140119] IOAPIC[0]: apic_id 0, version 32, address 0xfec00000, GSI 0-23
[    0.140295] ACPI: INT_SRC_OVR (bus 0 bus_irq 0 global_irq 2 dfl dfl)
[    0.140655] ACPI: INT_SRC_OVR (bus 0 bus_irq 5 global_irq 5 high level)
[    0.140707] ACPI: INT_SRC_OVR (bus 0 bus_irq 9 global_irq 9 high level)
[    0.140855] ACPI: INT_SRC_OVR (bus 0 bus_irq 10 global_irq 10 high level)
[    0.140869] ACPI: INT_SRC_OVR (bus 0 bus_irq 11 global_irq 11 high level)
[    0.141107] ACPI: Using ACPI (MADT) for SMP configuration information
[    0.141175] ACPI: HPET id: 0x8086a201 base: 0xfed00000
[    0.141714] CPU topo: Max. logical packages:   1
[    0.141734] CPU topo: Max. logical dies:       1
[    0.141749] CPU topo: Max. dies per package:   1
[    0.141816] CPU topo: Max. threads per core:   1
[    0.142063] CPU topo: Num. cores per package:     4
[    0.142087] CPU topo: Num. threads per package:   4
[    0.142100] CPU topo: Allowing 4 present CPUs plus 0 hotplug CPUs
[    0.143183] [mem 0xc0000000-0xfed1bfff] available for PCI devices
[    0.143284] Booting paravirtualized kernel on bare hardware
[    0.143761] clocksource: refined-jiffies: mask: 0xffffffff max_cycles: 0xffffffff, max_idle_ns: 1910969940391419 ns
[    0.144400] setup_percpu: NR_CPUS:64 nr_cpumask_bits:4 nr_cpu_ids:4 nr_node_ids:1
[    0.148267] percpu: Embedded 58 pages/cpu s199640 r8192 d29736 u524288
[    0.148810] pcpu-alloc: s199640 r8192 d29736 u524288 alloc=1*2097152
[    0.148929] pcpu-alloc: [0] 0 1 2 3 
[    0.150920] Kernel command line: root=/dev/vda rw  ip=192.168.7.2::192.168.7.1:255.255.255.0::eth0:off:8.8.8.8 net.ifnames=0 oprofile.timer=1 tsc=reliable no_timer_check rcupdate.rcu_expedited=1 swiotlb=0 
[    0.153707] random: crng init done
[    0.155201] Dentry cache hash table entries: 524288 (order: 10, 4194304 bytes, linear)
[    0.155936] Inode-cache hash table entries: 262144 (order: 9, 2097152 bytes, linear)
[    0.160972] Built 1 zonelists, mobility grouping on.  Total pages: 1048438
[    0.162018] mem auto-init: stack:all(zero), heap alloc:off, heap free:off
[    0.162269] software IO TLB: area num 4.
[    0.162351] software IO TLB: SWIOTLB bounce buffer size roundup to 1MB
[    0.190964] SLUB: HWalign=64, Order=0-3, MinObjects=0, CPUs=4, Nodes=1
[    0.193330] Kernel/User page tables isolation: enabled
[    0.198729] ftrace: allocating 53376 entries in 209 pages
[    0.245057] ftrace: allocated 209 pages with 4 groups
[    0.252317] Dynamic Preempt: full
[    0.256961] rcu: Preemptible hierarchical RCU implementation.
[    0.256996] rcu: 	RCU restricting CPUs from NR_CPUS=64 to nr_cpu_ids=4.
[    0.257189] 	All grace periods are expedited (rcu_expedited).
[    0.257231] 	Trampoline variant of Tasks RCU enabled.
[    0.257242] 	Rude variant of Tasks RCU enabled.
[    0.257251] 	Tracing variant of Tasks RCU enabled.
[    0.257419] rcu: RCU calculated value of scheduler-enlistment delay is 100 jiffies.
[    0.257462] rcu: Adjusting geometry for rcu_fanout_leaf=16, nr_cpu_ids=4
[    0.259124] RCU Tasks: Setting shift to 2 and lim to 1 rcu_task_cb_adjust=1 rcu_task_cpu_ids=4.
[    0.259164] RCU Tasks Rude: Setting shift to 2 and lim to 1 rcu_task_cb_adjust=1 rcu_task_cpu_ids=4.
[    0.259181] RCU Tasks Trace: Setting shift to 2 and lim to 1 rcu_task_cb_adjust=1 rcu_task_cpu_ids=4.
[    0.316215] NR_IRQS: 4352, nr_irqs: 456, preallocated irqs: 16
[    0.327402] rcu: srcu_init: Setting srcu_struct sizes based on contention.
[    0.333425] kfence: initialized - using 2097152 bytes for 255 objects at 0x(____ptrval____)-0x(____ptrval____)
[    0.340155] Console: colour VGA+ 80x25
[    0.340788] printk: legacy console [tty0] enabled
[    0.351041] ACPI: Core revision 20240827
[    0.357811] clocksource: hpet: mask: 0xffffffff max_cycles: 0xffffffff, max_idle_ns: 19112604467 ns
[    0.365249] APIC: Switch to symmetric I/O mode setup
[    0.365872] x2apic: IRQ remapping doesn't support X2APIC mode
[    0.371677] ..TIMER: vector=0x30 apic1=0 pin1=2 apic2=-1 pin2=-1
[    0.372925] clocksource: tsc-early: mask: 0xffffffffffffffff max_cycles: 0x33e44485288, max_idle_ns: 440795274890 ns
[    0.373281] Calibrating delay loop (skipped), value calculated using timer frequency.. 7199.96 BogoMIPS (lpj=3599984)
[    0.379291] Last level iTLB entries: 4KB 0, 2MB 0, 4MB 0
[    0.379408] Last level dTLB entries: 4KB 0, 2MB 0, 4MB 0, 1GB 0
[    0.380014] Spectre V1 : Mitigation: usercopy/swapgs barriers and __user pointer sanitization
[    0.380491] Spectre V2 : Mitigation: Retpolines
[    0.380603] Spectre V2 : Spectre v2 / SpectreRSB mitigation: Filling RSB on context switch
[    0.380748] Spectre V2 : Spectre v2 / SpectreRSB : Filling RSB on VMEXIT
[    0.380926] Speculative Store Bypass: Vulnerable
[    0.381430] MDS: Vulnerable: Clear CPU buffers attempted, no microcode
[    0.381554] MMIO Stale Data: Unknown: No mitigations
[    0.381694] SRBDS: Unknown: Dependent on hypervisor status
[    0.388386] x86/fpu: Supporting XSAVE feature 0x001: 'x87 floating point registers'
[    0.392504] x86/fpu: Supporting XSAVE feature 0x002: 'SSE registers'
[    0.393148] x86/fpu: Supporting XSAVE feature 0x004: 'AVX registers'
[    0.393448] x86/fpu: xstate_offset[2]:  576, xstate_sizes[2]:  256
[    0.393723] x86/fpu: Enabled xstate features 0x7, context size is 832 bytes, using 'standard' format.
[    0.573323] Freeing SMP alternatives memory: 56K
[    0.574514] pid_max: default: 32768 minimum: 301
[    0.580871] LSM: initializing lsm=capability,landlock
[    0.583332] landlock: Up and running.
[    0.589274] Mount-cache hash table entries: 8192 (order: 4, 65536 bytes, linear)
[    0.589737] Mountpoint-cache hash table entries: 8192 (order: 4, 65536 bytes, linear)
[    0.734125] smpboot: CPU0: Intel Xeon E3-12xx v2 (Ivy Bridge) (family: 0x6, model: 0x3a, stepping: 0x9)
[    0.751672] Performance Events: unsupported p6 CPU model 58 no PMU driver, software events only.
[    0.752932] signal: max sigframe size: 1776
[    0.756000] rcu: Hierarchical SRCU implementation.
[    0.756107] rcu: 	Max phase no-delay instances is 400.
[    0.758732] Timer migration: 1 hierarchy levels; 8 children per group; 1 crossnode level
[    0.764889] smp: Bringing up secondary CPUs ...
[    0.772392] smpboot: x86: Booting SMP configuration:
[    0.772509] .... node  #0, CPUs:      #1 #2 #3
[    0.794359] smp: Brought up 1 node, 4 CPUs
[    0.795332] smpboot: Total of 4 processors activated (28799.87 BogoMIPS)
[    0.805177] Memory: 4076372K/4193752K available (20480K kernel code, 2410K rwdata, 5744K rodata, 3468K init, 2124K bss, 111524K reserved, 0K cma-reserved)
[    0.818191] devtmpfs: initialized
[    0.830522] clocksource: jiffies: mask: 0xffffffff max_cycles: 0xffffffff, max_idle_ns: 1911260446275000 ns
[    0.831241] futex hash table entries: 1024 (order: 4, 65536 bytes, linear)
[    0.834005] pinctrl core: initialized pinctrl subsystem
[    0.852674] NET: Registered PF_NETLINK/PF_ROUTE protocol family
[    0.859877] thermal_sys: Registered thermal governor 'step_wise'
[    0.859926] thermal_sys: Registered thermal governor 'user_space'
[    0.860585] cpuidle: using governor menu
[    0.865162] PCI: ECAM [mem 0xb0000000-0xbfffffff] (base 0xb0000000) for domain 0000 [bus 00-ff]
[    0.866282] PCI: ECAM [mem 0xb0000000-0xbfffffff] reserved as E820 entry
[    0.868464] PCI: Using configuration type 1 for base access
[    0.869188] mtrr: your CPUs had inconsistent fixed MTRR settings
[    0.869305] mtrr: your CPUs had inconsistent variable MTRR settings
[    0.869390] mtrr: your CPUs had inconsistent MTRRdefType settings
[    0.869479] mtrr: probably your BIOS does not setup all CPUs.
[    0.869551] mtrr: corrected configuration.
[    0.872060] kprobes: kprobe jump-optimization is enabled. All kprobes are optimized if possible.
[    0.899704] raid6: sse2x4   gen()  1283 MB/s
[    0.916667] raid6: sse2x2   gen()  1067 MB/s
[    0.933643] raid6: sse2x1   gen()   745 MB/s
[    0.933773] raid6: using algorithm sse2x4 gen() 1283 MB/s
[    0.950673] raid6: .... xor() 726 MB/s, rmw enabled
[    0.951016] raid6: using ssse3x2 recovery algorithm
[    0.954772] ACPI: Added _OSI(Module Device)
[    0.954942] ACPI: Added _OSI(Processor Device)
[    0.955061] ACPI: Added _OSI(3.0 _SCP Extensions)
[    0.955153] ACPI: Added _OSI(Processor Aggregator Device)
[    0.978437] ACPI: 1 ACPI AML tables successfully acquired and loaded
[    1.004697] ACPI: Interpreter enabled
[    1.006259] ACPI: PM: (supports S0 S3 S5)
[    1.006399] ACPI: Using IOAPIC for interrupt routing
[    1.009504] PCI: Using host bridge windows from ACPI; if necessary, use "pci=nocrs" and report a bug
[    1.009684] PCI: Using E820 reservations for host bridge windows
[    1.011565] ACPI: Enabled 2 GPEs in block 00 to 3F
[    1.049394] ACPI: PCI Root Bridge [PCI0] (domain 0000 [bus 00-ff])
[    1.050318] acpi PNP0A08:00: _OSC: OS supports [ExtendedConfig ASPM ClockPM Segments MSI HPX-Type3]
[    1.051983] acpi PNP0A08:00: _OSC: platform does not support [LTR]
[    1.052882] acpi PNP0A08:00: _OSC: OS now controls [PME PCIeCapability]
[    1.057400] PCI host bridge to bus 0000:00
[    1.057771] pci_bus 0000:00: root bus resource [io  0x0000-0x0cf7 window]
[    1.058008] pci_bus 0000:00: root bus resource [io  0x0d00-0xffff window]
[    1.058094] pci_bus 0000:00: root bus resource [mem 0x000a0000-0x000bffff window]
[    1.058232] pci_bus 0000:00: root bus resource [mem 0x80000000-0xafffffff window]
[    1.058339] pci_bus 0000:00: root bus resource [mem 0xc0000000-0xfebfffff window]
[    1.058438] pci_bus 0000:00: root bus resource [mem 0x180000000-0x97fffffff window]
[    1.058716] pci_bus 0000:00: root bus resource [bus 00-ff]
[    1.061196] pci 0000:00:00.0: [8086:29c0] type 00 class 0x060000 conventional PCI endpoint
[    1.067217] pci 0000:00:01.0: [1234:1111] type 00 class 0x030000 conventional PCI endpoint
[    1.069412] pci 0000:00:01.0: BAR 0 [mem 0xfd000000-0xfdffffff pref]
[    1.071125] pci 0000:00:01.0: BAR 2 [mem 0xfebd0000-0xfebd0fff]
[    1.072160] pci 0000:00:01.0: ROM [mem 0xfebc0000-0xfebcffff pref]
[    1.073622] pci 0000:00:01.0: Video device with shadowed ROM at [mem 0x000c0000-0x000dffff]
[    1.075000] pci 0000:00:02.0: [1af4:1000] type 00 class 0x020000 conventional PCI endpoint
[    1.076125] pci 0000:00:02.0: BAR 0 [io  0xc0c0-0xc0df]
[    1.077125] pci 0000:00:02.0: BAR 1 [mem 0xfebd1000-0xfebd1fff]
[    1.080896] pci 0000:00:02.0: BAR 4 [mem 0xfe000000-0xfe003fff 64bit pref]
[    1.081125] pci 0000:00:02.0: ROM [mem 0xfeb80000-0xfebbffff pref]
[    1.082915] pci 0000:00:03.0: [1af4:1005] type 00 class 0x00ff00 conventional PCI endpoint
[    1.084125] pci 0000:00:03.0: BAR 0 [io  0xc0e0-0xc0ff]
[    1.085125] pci 0000:00:03.0: BAR 1 [mem 0xfebd2000-0xfebd2fff]
[    1.087125] pci 0000:00:03.0: BAR 4 [mem 0xfe004000-0xfe007fff 64bit pref]
[    1.088853] pci 0000:00:04.0: [1af4:1001] type 00 class 0x010000 conventional PCI endpoint
[    1.091125] pci 0000:00:04.0: BAR 0 [io  0xc000-0xc07f]
[    1.092125] pci 0000:00:04.0: BAR 1 [mem 0xfebd3000-0xfebd3fff]
[    1.093125] pci 0000:00:04.0: BAR 4 [mem 0xfe008000-0xfe00bfff 64bit pref]
[    1.096456] pci 0000:00:1d.0: [8086:2934] type 00 class 0x0c0300 conventional PCI endpoint
[    1.097125] pci 0000:00:1d.0: BAR 4 [io  0xc100-0xc11f]
[    1.098860] pci 0000:00:1d.1: [8086:2935] type 00 class 0x0c0300 conventional PCI endpoint
[    1.100125] pci 0000:00:1d.1: BAR 4 [io  0xc120-0xc13f]
[    1.102579] pci 0000:00:1d.2: [8086:2936] type 00 class 0x0c0300 conventional PCI endpoint
[    1.103125] pci 0000:00:1d.2: BAR 4 [io  0xc140-0xc15f]
[    1.105855] pci 0000:00:1d.7: [8086:293a] type 00 class 0x0c0320 conventional PCI endpoint
[    1.106767] pci 0000:00:1d.7: BAR 0 [mem 0xfebd4000-0xfebd4fff]
[    1.109480] pci 0000:00:1f.0: [8086:2918] type 00 class 0x060100 conventional PCI endpoint
[    1.110207] pci 0000:00:1f.0: quirk: [io  0x0600-0x067f] claimed by ICH6 ACPI/GPIO/TCO
[    1.112692] pci 0000:00:1f.2: [8086:2922] type 00 class 0x010601 conventional PCI endpoint
[    1.113125] pci 0000:00:1f.2: BAR 4 [io  0xc160-0xc17f]
[    1.115035] pci 0000:00:1f.2: BAR 5 [mem 0xfebd5000-0xfebd5fff]
[    1.117368] pci 0000:00:1f.3: [8086:2930] type 00 class 0x0c0500 conventional PCI endpoint
[    1.118125] pci 0000:00:1f.3: BAR 4 [io  0x0700-0x073f]
[    1.121463] pci_bus 0000:00: on NUMA node 0
[    1.125351] ACPI: PCI: Interrupt link LNKA configured for IRQ 10
[    1.126198] ACPI: PCI: Interrupt link LNKB configured for IRQ 10
[    1.126691] ACPI: PCI: Interrupt link LNKC configured for IRQ 11
[    1.127260] ACPI: PCI: Interrupt link LNKD configured for IRQ 11
[    1.127741] ACPI: PCI: Interrupt link LNKE configured for IRQ 10
[    1.128283] ACPI: PCI: Interrupt link LNKF configured for IRQ 10
[    1.128764] ACPI: PCI: Interrupt link LNKG configured for IRQ 11
[    1.129331] ACPI: PCI: Interrupt link LNKH configured for IRQ 11
[    1.129537] ACPI: PCI: Interrupt link GSIA configured for IRQ 16
[    1.129687] ACPI: PCI: Interrupt link GSIB configured for IRQ 17
[    1.130180] ACPI: PCI: Interrupt link GSIC configured for IRQ 18
[    1.130343] ACPI: PCI: Interrupt link GSID configured for IRQ 19
[    1.130489] ACPI: PCI: Interrupt link GSIE configured for IRQ 20
[    1.130632] ACPI: PCI: Interrupt link GSIF configured for IRQ 21
[    1.130783] ACPI: PCI: Interrupt link GSIG configured for IRQ 22
[    1.130953] ACPI: PCI: Interrupt link GSIH configured for IRQ 23
[    1.135341] iommu: Default domain type: Translated
[    1.135451] iommu: DMA domain TLB invalidation policy: lazy mode
[    1.137019] SCSI subsystem initialized
[    1.138466] libata version 3.00 loaded.
[    1.138702] ACPI: bus type USB registered
[    1.139304] usbcore: registered new interface driver usbfs
[    1.139697] usbcore: registered new interface driver hub
[    1.139992] usbcore: registered new device driver usb
[    1.140481] pps_core: LinuxPPS API ver. 1 registered
[    1.140566] pps_core: Software ver. 5.3.6 - Copyright 2005-2007 Rodolfo Giometti <giometti@linux.it>
[    1.140770] PTP clock support registered
[    1.156733] Bluetooth: Core ver 2.22
[    1.156998] NET: Registered PF_BLUETOOTH protocol family
[    1.157144] Bluetooth: HCI device and connection manager initialized
[    1.157398] Bluetooth: HCI socket layer initialized
[    1.157554] Bluetooth: L2CAP socket layer initialized
[    1.157794] Bluetooth: SCO socket layer initialized
[    1.164493] PCI: Using ACPI for IRQ routing
[    1.168486] PCI: pci_cache_line_size set to 64 bytes
[    1.169073] e820: reserve RAM buffer [mem 0x0009fc00-0x0009ffff]
[    1.169329] e820: reserve RAM buffer [mem 0x7ffd8000-0x7fffffff]
[    1.171493] pci 0000:00:01.0: vgaarb: setting as boot VGA device
[    1.171669] pci 0000:00:01.0: vgaarb: bridge control possible
[    1.171804] pci 0000:00:01.0: vgaarb: VGA device added: decodes=io+mem,owns=io+mem,locks=none
[    1.172014] vgaarb: loaded
[    1.172721] hpet0: at MMIO 0xfed00000, IRQs 2, 8, 0
[    1.172909] hpet0: 3 comparators, 64-bit 100.000000 MHz counter
[    1.178655] clocksource: Switched to clocksource tsc-early
[    1.186303] pnp: PnP ACPI init
[    1.196153] system 00:04: [mem 0xb0000000-0xbfffffff window] has been reserved
[    1.199462] pnp: PnP ACPI: found 5 devices
[    1.238889] clocksource: acpi_pm: mask: 0xffffff max_cycles: 0xffffff, max_idle_ns: 2085701024 ns
[    1.239867] NET: Registered PF_INET protocol family
[    1.242803] IP idents hash table entries: 65536 (order: 7, 524288 bytes, linear)
[    1.254781] tcp_listen_portaddr_hash hash table entries: 2048 (order: 3, 32768 bytes, linear)
[    1.255059] Table-perturb hash table entries: 65536 (order: 6, 262144 bytes, linear)
[    1.255388] TCP established hash table entries: 32768 (order: 6, 262144 bytes, linear)
[    1.256151] TCP bind hash table entries: 32768 (order: 8, 1048576 bytes, linear)
[    1.256873] TCP: Hash tables configured (established 32768 bind 32768)
[    1.258513] UDP hash table entries: 2048 (order: 4, 65536 bytes, linear)
[    1.258891] UDP-Lite hash table entries: 2048 (order: 4, 65536 bytes, linear)
[    1.261073] NET: Registered PF_UNIX/PF_LOCAL protocol family
[    1.265107] RPC: Registered named UNIX socket transport module.
[    1.265252] RPC: Registered udp transport module.
[    1.265327] RPC: Registered tcp transport module.
[    1.265396] RPC: Registered tcp-with-tls transport module.
[    1.265469] RPC: Registered tcp NFSv4.1 backchannel transport module.
[    1.266528] pci_bus 0000:00: resource 4 [io  0x0000-0x0cf7 window]
[    1.266632] pci_bus 0000:00: resource 5 [io  0x0d00-0xffff window]
[    1.266712] pci_bus 0000:00: resource 6 [mem 0x000a0000-0x000bffff window]
[    1.266793] pci_bus 0000:00: resource 7 [mem 0x80000000-0xafffffff window]
[    1.266872] pci_bus 0000:00: resource 8 [mem 0xc0000000-0xfebfffff window]
[    1.267040] pci_bus 0000:00: resource 9 [mem 0x180000000-0x97fffffff window]
[    1.273122] ACPI: \_SB_.GSIA: Enabled at IRQ 16
[    1.283059] pci 0000:00:1d.0: quirk_usb_early_handoff+0x0/0x700 took 14725 usecs
[    1.285538] ACPI: \_SB_.GSIB: Enabled at IRQ 17
[    1.289496] ACPI: \_SB_.GSIC: Enabled at IRQ 18
[    1.293403] ACPI: \_SB_.GSID: Enabled at IRQ 19
[    1.297497] PCI: CLS 0 bytes, default 64
[    1.298576] PCI-DMA: Using software bounce buffering for IO (SWIOTLB)
[    1.298770] software IO TLB: mapped [mem 0x000000007fed8000-0x000000007ffd8000] (1MB)
[    1.301447] RAPL PMU: API unit is 2^-32 Joules, 0 fixed counters, 10737418240 ms ovfl timer
[    1.465786] Initialise system trusted keyrings
[    1.468053] workingset: timestamp_bits=46 max_order=20 bucket_order=0
[    1.473590] NFS: Registering the id_resolver key type
[    1.474096] Key type id_resolver registered
[    1.474201] Key type id_legacy registered
[    1.479252] Key type cifs.idmap registered
[    1.554846] xor: automatically using best checksumming function   avx       
[    1.555091] Key type asymmetric registered
[    1.555254] Asymmetric key parser 'x509' registered
[    1.555603] Block layer SCSI generic (bsg) driver version 0.4 loaded (major 250)
[    1.555874] io scheduler mq-deadline registered
[    1.556071] io scheduler kyber registered
[    1.556505] io scheduler bfq registered
[    1.561006] input: Power Button as /devices/LNXSYSTM:00/LNXPWRBN:00/input/input0
[    1.568282] ACPI: button: Power Button [PWRF]
[    1.575673] ACPI: \_SB_.GSIG: Enabled at IRQ 22
[    1.581171] ACPI: \_SB_.GSIH: Enabled at IRQ 23
[    1.584269] ACPI: \_SB_.GSIE: Enabled at IRQ 20
[    1.586336] Serial: 8250/16550 driver, 4 ports, IRQ sharing disabled
[    1.591139] 00:01: ttyS1 at I/O 0x2f8 (irq = 3, base_baud = 115200) is a 16550A
[    1.593204] 00:02: ttyS0 at I/O 0x3f8 (irq = 4, base_baud = 115200) is a 16550A
[    1.609137] Linux agpgart interface v0.103
[    1.610382] ACPI: bus type drm_connector registered
[    1.611649] bochs-drm 0000:00:01.0: vgaarb: deactivate vga console
[    1.613754] Console: switching to colour dummy device 80x25
[    1.617202] [drm] Found bochs VGA, ID 0xb0c5.
[    1.617295] [drm] Framebuffer size 16384 kB @ 0xfd000000, mmio @ 0xfebd0000.
[    1.623609] [drm] Found EDID data blob.
[    1.631658] [drm] Initialized bochs-drm 1.0.0 for 0000:00:01.0 on minor 0
[    1.663284] fbcon: bochs-drmdrmfb (fb0) is primary device
[    1.695447] Console: switching to colour frame buffer device 160x50
[    1.705561] bochs-drm 0000:00:01.0: [drm] fb0: bochs-drmdrmfb frame buffer device
[    1.742881] brd: module loaded
[    1.758904] loop: module loaded
[    1.760081] virtio_blk virtio2: 4/0/0 default/read/poll queues
[    1.767482] virtio_blk virtio2: [vda] 21441806 512-byte logical blocks (11.0 GB/10.2 GiB)
[    1.778485] ahci 0000:00:1f.2: version 3.0
[    1.786115] ahci 0000:00:1f.2: AHCI vers 0001.0000, 32 command slots, 1.5 Gbps, SATA mode
[    1.786439] ahci 0000:00:1f.2: 6/6 ports implemented (port mask 0x3f)
[    1.786839] ahci 0000:00:1f.2: flags: 64bit ncq only 
[    1.795854] scsi host0: ahci
[    1.798826] scsi host1: ahci
[    1.800392] scsi host2: ahci
[    1.801860] scsi host3: ahci
[    1.803436] scsi host4: ahci
[    1.805024] scsi host5: ahci
[    1.805944] ata1: SATA max UDMA/133 abar m4096@0xfebd5000 port 0xfebd5100 irq 31 lpm-pol 0
[    1.806289] ata2: SATA max UDMA/133 abar m4096@0xfebd5000 port 0xfebd5180 irq 31 lpm-pol 0
[    1.806504] ata3: SATA max UDMA/133 abar m4096@0xfebd5000 port 0xfebd5200 irq 31 lpm-pol 0
[    1.806618] ata4: SATA max UDMA/133 abar m4096@0xfebd5000 port 0xfebd5280 irq 31 lpm-pol 0
[    1.806715] ata5: SATA max UDMA/133 abar m4096@0xfebd5000 port 0xfebd5300 irq 31 lpm-pol 0
[    1.806808] ata6: SATA max UDMA/133 abar m4096@0xfebd5000 port 0xfebd5380 irq 31 lpm-pol 0
[    1.816545] e100: Intel(R) PRO/100 Network Driver
[    1.816790] e100: Copyright(c) 1999-2006 Intel Corporation
[    1.817063] e1000: Intel(R) PRO/1000 Network Driver
[    1.817152] e1000: Copyright (c) 1999-2006 Intel Corporation.
[    1.821371] e1000e: Intel(R) PRO/1000 Network Driver
[    1.823558] e1000e: Copyright(c) 1999 - 2015 Intel Corporation.
[    1.825675] igb: Intel(R) Gigabit Ethernet Network Driver
[    1.827670] igb: Copyright (c) 2007-2014 Intel Corporation.
[    1.835031] uhci_hcd 0000:00:1d.0: UHCI Host Controller
[    1.841631] uhci_hcd 0000:00:1d.0: new USB bus registered, assigned bus number 1
[    1.848177] uhci_hcd 0000:00:1d.0: irq 16, io port 0x0000c100
[    1.862023] hub 1-0:1.0: USB hub found
[    1.867626] hub 1-0:1.0: 2 ports detected
[    1.880778] ehci-pci 0000:00:1d.7: EHCI Host Controller
[    1.885238] ehci-pci 0000:00:1d.7: new USB bus registered, assigned bus number 2
[    1.889521] ehci-pci 0000:00:1d.7: irq 19, io mem 0xfebd4000
[    1.897510] ehci-pci 0000:00:1d.7: USB 2.0 started, EHCI 1.00
[    1.903320] hub 2-0:1.0: USB hub found
[    1.906499] hub 2-0:1.0: 6 ports detected
[    1.931909] hub 1-0:1.0: USB hub found
[    1.937082] hub 1-0:1.0: 2 ports detected
[    1.942291] uhci_hcd 0000:00:1d.1: UHCI Host Controller
[    1.944436] uhci_hcd 0000:00:1d.1: new USB bus registered, assigned bus number 3
[    1.946628] uhci_hcd 0000:00:1d.1: irq 17, io port 0x0000c120
[    1.950149] hub 3-0:1.0: USB hub found
[    1.952179] hub 3-0:1.0: 2 ports detected
[    1.956975] uhci_hcd 0000:00:1d.2: UHCI Host Controller
[    1.960161] uhci_hcd 0000:00:1d.2: new USB bus registered, assigned bus number 4
[    1.963397] uhci_hcd 0000:00:1d.2: irq 18, io port 0x0000c140
[    1.966953] hub 4-0:1.0: USB hub found
[    1.968902] hub 4-0:1.0: 2 ports detected
[    1.972536] usbcore: registered new interface driver usb-storage
[    1.974870] usbcore: registered new interface driver usbserial_generic
[    1.977415] usbserial: USB Serial support registered for generic
[    1.979351] usbcore: registered new interface driver ftdi_sio
[    1.981208] usbserial: USB Serial support registered for FTDI USB Serial Device
[    1.983190] usbcore: registered new interface driver pl2303
[    1.985009] usbserial: USB Serial support registered for pl2303
[    1.987483] i8042: PNP: No PS/2 controller found.
[    1.990302] mousedev: PS/2 mouse device common for all mice
[    1.994538] rtc_cmos 00:03: RTC can wake from S4
[    2.000763] rtc_cmos 00:03: registered as rtc0
[    2.003643] rtc_cmos 00:03: setting system clock to 2025-01-19T16:28:54 UTC (1737304134)
[    2.007826] rtc_cmos 00:03: alarms up to one day, y3k, 242 bytes nvram, hpet irqs
[    2.013566] device-mapper: ioctl: 4.48.0-ioctl (2023-03-01) initialised: dm-devel@lists.linux.dev
[    2.014784] i801_smbus 0000:00:1f.3: SMBus using PCI interrupt
[    2.024034] intel_pstate: CPU model not supported
[    2.026602] sdhci: Secure Digital Host Controller Interface driver
[    2.028865] sdhci: Copyright(c) Pierre Ossman
[    2.029222] i2c i2c-0: Memory type 0x07 not supported yet, not instantiating SPD
[    2.032347] sdhci-pltfm: SDHCI platform and OF driver helper
[    2.041081] usbcore: registered new interface driver usbhid
[    2.043263] usbhid: USB HID core driver
[    2.046126] u32 classifier
[    2.048178]     input device check on
[    2.050194]     Actions configured
[    2.055910] NET: Registered PF_INET6 protocol family
[    2.068178] Segment Routing with IPv6
[    2.071616] In-situ OAM (IOAM) with IPv6
[    2.075091] sit: IPv6, IPv4 and MPLS over IPv4 tunneling driver
[    2.081519] NET: Registered PF_PACKET protocol family
[    2.087805] Bridge firewalling registered
[    2.092572] l2tp_core: L2TP core driver, V2.0
[    2.094848] Key type dns_resolver registered
[    2.097554] NET: Registered PF_VSOCK protocol family
[    2.104693] IPI shorthand broadcast: enabled
[    2.121184] ata1: SATA link down (SStatus 0 SControl 300)
[    2.124886] sched_clock: Marking stable (2089121028, 34912202)->(2176970546, -52937316)
[    2.128728] registered taskstats version 1
[    2.129378] ata4: SATA link down (SStatus 0 SControl 300)
[    2.133563] Loading compiled-in X.509 certificates
[    2.135328] ata3: SATA link up 1.5 Gbps (SStatus 113 SControl 300)
[    2.145706] ata3.00: ATAPI: QEMU DVD-ROM, 2.5+, max UDMA/100
[    2.148367] Key type .fscrypt registered
[    2.152374] ata3.00: applying bridge limits
[    2.154776] Key type fscrypt-provisioning registered
[    2.161109] usb 2-1: new high-speed USB device number 2 using ehci-pci
[    2.171773] ata5: SATA link down (SStatus 0 SControl 300)
[    2.171803] Btrfs loaded, zoned=no, fsverity=no
[    2.175253] ata2: SATA link down (SStatus 0 SControl 300)
[    2.176167] ata3.00: configured for UDMA/100
[    2.189274] ata6: SATA link down (SStatus 0 SControl 300)
[    2.203126] Key type encrypted registered
[    2.207690] scsi 2:0:0:0: CD-ROM            QEMU     QEMU DVD-ROM     2.5+ PQ: 0 ANSI: 5
[    2.209852] printk: legacy console [netcon0] enabled
[    2.215463] netconsole: network logging started
[    2.252305] sr 2:0:0:0: [sr0] scsi3-mmc drive: 4x/4x cd/rw xa/form2 tray
[    2.258367] cdrom: Uniform CD-ROM driver Revision: 3.20
[    2.276114] sr 2:0:0:0: Attached scsi CD-ROM sr0
[    2.320782] tsc: Refined TSC clocksource calibration: 3600.010 MHz
[    2.324454] clocksource: tsc: mask: 0xffffffffffffffff max_cycles: 0x33e45cd82d3, max_idle_ns: 440795345741 ns
[    2.324585] IP-Config: Complete:
[    2.334634] clocksource: Switched to clocksource tsc
[    2.335243]      device=eth0, hwaddr=52:54:00:12:34:02, ipaddr=192.168.7.2, mask=255.255.255.0, gw=192.168.7.1
[    2.342061]      host=192.168.7.2, domain=, nis-domain=(none)
[    2.344546]      bootserver=255.255.255.255, rootserver=255.255.255.255, rootpath=
[    2.344621]      nameserver0=8.8.8.8
[    2.353778] clk: Disabling unused clocks
[    2.361524] input: QEMU QEMU USB Tablet as /devices/pci0000:00/0000:00:1d.7/usb2/2-1/2-1:1.0/0003:0627:0001.0001/input/input1
[    2.368890] hid-generic 0003:0627:0001.0001: input: USB HID v0.01 Mouse [QEMU QEMU USB Tablet] on usb-0000:00:1d.7-1/input0
[    2.374860] md: Waiting for all devices to be available before autodetect
[    2.377484] md: If you don't use raid, use raid=noautodetect
[    2.380057] md: Autodetecting RAID arrays.
[    2.382392] md: autorun ...
[    2.384721] md: ... autorun DONE.
[    2.487259] usb 2-2: new high-speed USB device number 3 using ehci-pci
[    2.638372] input: QEMU QEMU USB Keyboard as /devices/pci0000:00/0000:00:1d.7/usb2/2-2/2-2:1.0/0003:0627:0001.0002/input/input2
[    2.674331] EXT4-fs (vda): mounted filesystem 68ae6374-6b25-4bd0-b964-6b83e7618f94 r/w with ordered data mode. Quota mode: disabled.
[    2.678536] VFS: Mounted root (ext4 filesystem) on device 253:0.
[    2.690526] devtmpfs: mounted
[    2.702610] hid-generic 0003:0627:0001.0002: input: USB HID v1.11 Keyboard [QEMU QEMU USB Keyboard] on usb-0000:00:1d.7-2/input0
[    2.904501] Freeing unused kernel image (initmem) memory: 3468K
[    2.911774] Write protecting the kernel read-only data: 26624k
[    2.916920] Freeing unused kernel image (rodata/data gap) memory: 400K
[    2.920845] Run /sbin/init as init process
[    2.923882]   with arguments:
[    2.923921]     /sbin/init
[    2.923994]   with environment:
[    2.924020]     HOME=/
[    2.924033]     TERM=linux
[    9.109343] udevd[154]: starting version 3.2.14
[    9.843443] udevd[154]: GOTO 'alsa_restore_std' has no matching label in: '/lib/udev/rules.d/90-alsa-restore.rules'
[    9.843605] udevd[154]: GOTO 'alsa_restore_std' has no matching label in: '/lib/udev/rules.d/90-alsa-restore.rules'
[    9.863297] udevd[155]: starting eudev-3.2.14
[   10.169571] udevd[155]: GOTO 'alsa_restore_std' has no matching label in: '/lib/udev/rules.d/90-alsa-restore.rules'
[   10.169710] udevd[155]: GOTO 'alsa_restore_std' has no matching label in: '/lib/udev/rules.d/90-alsa-restore.rules'
[   10.917001] EXT4-fs (vda): re-mounted 68ae6374-6b25-4bd0-b964-6b83e7618f94 r/w. Quota mode: disabled.
[   22.959488] Bluetooth: BNEP (Ethernet Emulation) ver 1.3
[   22.959701] Bluetooth: BNEP filters: protocol multicast
[   22.959816] Bluetooth: BNEP socket layer initialized
init
  |-avahi-daemon
  |   `-avahi-daemon
  |-bluetoothd
  |-dbus-daemon --system
  |-getty 38400 tty1
  |-klogd -n
  |-ntpd -u ntp:ntp -p /var/run/ntpd.pid -g
  |   `-{ntpd}
  |-ofonod
  |-rpc.statd
  |-rpcbind
  |-sshd
  |   `-sshd-session
  |       `-sshd-session
  |           `-sh -c ptest-runner -t 1000; shutdown -hf now
  |               `-ptest-runner -t 1000
  |                   |-ptest-runner-co /usr/bin/ptest-runner-collect-system-data
  |                   |   `-pstree -a -l
  |                   `-(run-ptest)
  |-start_getty /bin/start_getty 115200 ttyS0 vt102
  |   `-getty -L 115200 ttyS0 vt102
  |-start_getty /bin/start_getty 115200 ttyS1 vt102
  |   `-getty -L 115200 ttyS1 vt102
  |-syslogd -n -O /var/log/messages
  |-tcf-agent -d -L- -l0
  |   `-3*[{tcf-agent}]
  `-udevd -d
Filesystem     1K-blocks    Used Available Use% Mounted on
/dev/root        9943524 7966536   1424560  85% /
devtmpfs         2041112       0   2041112   0% /dev
tmpfs                 40       0        40   0% /mnt
tmpfs            2043048     156   2042892   1% /run
tmpfs            2043048     108   2042940   1% /var/volatile
               total        used        free      shared  buff/cache   available
Mem:         4086096      107492     3945152         264       89780     3978604
Swap:              0           0           0

ERROR: Exited from signal Killed (9)
DURATION: 1050
TIMEOUT: /usr/lib/gnuradio/ptest
END: /usr/lib/gnuradio/ptest
2025-01-19T18:23
2025-01-19T18:23
BEGIN: /usr/lib/volk/ptest
Test project /usr/lib/volk/ptest
        Start   1: qa_volk_16i_32fc_dot_prod_32fc
  1/147 Test   #1: qa_volk_16i_32fc_dot_prod_32fc .......................   Passed
        Start   2: qa_volk_16i_branch_4_state_8
  2/147 Test   #2: qa_volk_16i_branch_4_state_8 .........................   Passed
        Start   3: qa_volk_16i_convert_8i
  3/147 Test   #3: qa_volk_16i_convert_8i ...............................   Passed
        Start   4: qa_volk_16i_max_star_16i
  4/147 Test   #4: qa_volk_16i_max_star_16i .............................   Passed
        Start   5: qa_volk_16i_max_star_horizontal_16i
  5/147 Test   #5: qa_volk_16i_max_star_horizontal_16i ..................   Passed
        Start   6: qa_volk_16i_permute_and_scalar_add
  6/147 Test   #6: qa_volk_16i_permute_and_scalar_add ...................   Passed
        Start   7: qa_volk_16i_s32f_convert_32f
  7/147 Test   #7: qa_volk_16i_s32f_convert_32f .........................   Passed
        Start   8: qa_volk_16i_x4_quad_max_star_16i
  8/147 Test   #8: qa_volk_16i_x4_quad_max_star_16i .....................   Passed
        Start   9: qa_volk_16i_x5_add_quad_16i_x4
  9/147 Test   #9: qa_volk_16i_x5_add_quad_16i_x4 .......................   Passed
        Start  10: qa_volk_16ic_convert_32fc
 10/147 Test  #10: qa_volk_16ic_convert_32fc ............................   Passed
        Start  11: qa_volk_16ic_deinterleave_16i_x2
 11/147 Test  #11: qa_volk_16ic_deinterleave_16i_x2 .....................   Passed
        Start  12: qa_volk_16ic_deinterleave_real_16i
 12/147 Test  #12: qa_volk_16ic_deinterleave_real_16i ...................   Passed
        Start  13: qa_volk_16ic_deinterleave_real_8i
 13/147 Test  #13: qa_volk_16ic_deinterleave_real_8i ....................   Passed
        Start  14: qa_volk_16ic_magnitude_16i
 14/147 Test  #14: qa_volk_16ic_magnitude_16i ...........................   Passed
        Start  15: qa_volk_16ic_s32f_deinterleave_32f_x2
 15/147 Test  #15: qa_volk_16ic_s32f_deinterleave_32f_x2 ................   Passed
        Start  16: qa_volk_16ic_s32f_deinterleave_real_32f
 16/147 Test  #16: qa_volk_16ic_s32f_deinterleave_real_32f ..............   Passed
        Start  17: qa_volk_16ic_s32f_magnitude_32f
 17/147 Test  #17: qa_volk_16ic_s32f_magnitude_32f ......................   Passed
        Start  18: qa_volk_16ic_x2_dot_prod_16ic
 18/147 Test  #18: qa_volk_16ic_x2_dot_prod_16ic ........................   Passed
        Start  19: qa_volk_16ic_x2_multiply_16ic
 19/147 Test  #19: qa_volk_16ic_x2_multiply_16ic ........................   Passed
        Start  20: qa_volk_16u_byteswap
 20/147 Test  #20: qa_volk_16u_byteswap .................................   Passed
        Start  21: qa_volk_16u_byteswappuppet_16u
 21/147 Test  #21: qa_volk_16u_byteswappuppet_16u .......................   Passed
        Start  22: qa_volk_32f_64f_add_64f
 22/147 Test  #22: qa_volk_32f_64f_add_64f ..............................   Passed
        Start  23: qa_volk_32f_64f_multiply_64f
 23/147 Test  #23: qa_volk_32f_64f_multiply_64f .........................   Passed
        Start  24: qa_volk_32f_8u_polarbutterfly_32f
 24/147 Test  #24: qa_volk_32f_8u_polarbutterfly_32f ....................   Passed
        Start  25: qa_volk_32f_8u_polarbutterflypuppet_32f
 25/147 Test  #25: qa_volk_32f_8u_polarbutterflypuppet_32f ..............   Passed
        Start  26: qa_volk_32f_accumulator_s32f
 26/147 Test  #26: qa_volk_32f_accumulator_s32f .........................   Passed
        Start  27: qa_volk_32f_acos_32f
 27/147 Test  #27: qa_volk_32f_acos_32f .................................   Passed
        Start  28: qa_volk_32f_asin_32f
 28/147 Test  #28: qa_volk_32f_asin_32f .................................   Passed
        Start  29: qa_volk_32f_atan_32f
 29/147 Test  #29: qa_volk_32f_atan_32f .................................   Passed
        Start  30: qa_volk_32f_binary_slicer_32i
 30/147 Test  #30: qa_volk_32f_binary_slicer_32i ........................   Passed
        Start  31: qa_volk_32f_binary_slicer_8i
 31/147 Test  #31: qa_volk_32f_binary_slicer_8i .........................   Passed
        Start  32: qa_volk_32f_convert_64f
 32/147 Test  #32: qa_volk_32f_convert_64f ..............................   Passed
        Start  33: qa_volk_32f_cos_32f
 33/147 Test  #33: qa_volk_32f_cos_32f ..................................   Passed
        Start  34: qa_volk_32f_exp_32f
 34/147 Test  #34: qa_volk_32f_exp_32f ..................................   Passed
        Start  35: qa_volk_32f_expfast_32f
 35/147 Test  #35: qa_volk_32f_expfast_32f ..............................   Passed
        Start  36: qa_volk_32f_index_max_16u
 36/147 Test  #36: qa_volk_32f_index_max_16u ............................   Passed
        Start  37: qa_volk_32f_index_max_32u
 37/147 Test  #37: qa_volk_32f_index_max_32u ............................   Passed
        Start  38: qa_volk_32f_index_min_16u
 38/147 Test  #38: qa_volk_32f_index_min_16u ............................   Passed
        Start  39: qa_volk_32f_index_min_32u
 39/147 Test  #39: qa_volk_32f_index_min_32u ............................   Passed
        Start  40: qa_volk_32f_invsqrt_32f
 40/147 Test  #40: qa_volk_32f_invsqrt_32f ..............................   Passed
        Start  41: qa_volk_32f_log2_32f
 41/147 Test  #41: qa_volk_32f_log2_32f .................................   Passed
        Start  42: qa_volk_32f_null_32f
 42/147 Test  #42: qa_volk_32f_null_32f .................................   Passed
        Start  43: qa_volk_32f_s32f_32f_fm_detect_32f
 43/147 Test  #43: qa_volk_32f_s32f_32f_fm_detect_32f ...................   Passed
        Start  44: qa_volk_32f_s32f_add_32f
 44/147 Test  #44: qa_volk_32f_s32f_add_32f .............................   Passed
        Start  45: qa_volk_32f_s32f_calc_spectral_noise_floor_32f
 45/147 Test  #45: qa_volk_32f_s32f_calc_spectral_noise_floor_32f .......   Passed
        Start  46: qa_volk_32f_s32f_clamppuppet_32f
 46/147 Test  #46: qa_volk_32f_s32f_clamppuppet_32f .....................   Passed
        Start  47: qa_volk_32f_s32f_convert_16i
 47/147 Test  #47: qa_volk_32f_s32f_convert_16i .........................   Passed
        Start  48: qa_volk_32f_s32f_convert_32i
 48/147 Test  #48: qa_volk_32f_s32f_convert_32i .........................   Passed
        Start  49: qa_volk_32f_s32f_convert_8i
 49/147 Test  #49: qa_volk_32f_s32f_convert_8i ..........................   Passed
        Start  50: qa_volk_32f_s32f_convertpuppet_8u
 50/147 Test  #50: qa_volk_32f_s32f_convertpuppet_8u ....................   Passed
        Start  51: qa_volk_32f_s32f_mod_rangepuppet_32f
 51/147 Test  #51: qa_volk_32f_s32f_mod_rangepuppet_32f .................   Passed
        Start  52: qa_volk_32f_s32f_multiply_32f
 52/147 Test  #52: qa_volk_32f_s32f_multiply_32f ........................   Passed
        Start  53: qa_volk_32f_s32f_normalize
 53/147 Test  #53: qa_volk_32f_s32f_normalize ...........................   Passed
        Start  54: qa_volk_32f_s32f_power_32f
 54/147 Test  #54: qa_volk_32f_s32f_power_32f ...........................   Passed
        Start  55: qa_volk_32f_s32f_s32f_mod_range_32f
 55/147 Test  #55: qa_volk_32f_s32f_s32f_mod_range_32f ..................   Passed
        Start  56: qa_volk_32f_s32f_stddev_32f
 56/147 Test  #56: qa_volk_32f_s32f_stddev_32f ..........................   Passed
        Start  57: qa_volk_32f_s32f_x2_clamp_32f
 57/147 Test  #57: qa_volk_32f_s32f_x2_clamp_32f ........................   Passed
        Start  58: qa_volk_32f_s32f_x2_convert_8u
 58/147 Test  #58: qa_volk_32f_s32f_x2_convert_8u .......................   Passed
        Start  59: qa_volk_32f_sin_32f
 59/147 Test  #59: qa_volk_32f_sin_32f ..................................   Passed
        Start  60: qa_volk_32f_sqrt_32f
 60/147 Test  #60: qa_volk_32f_sqrt_32f .................................   Passed
        Start  61: qa_volk_32f_stddev_and_mean_32f_x2
 61/147 Test  #61: qa_volk_32f_stddev_and_mean_32f_x2 ...................   Passed
        Start  62: qa_volk_32f_tan_32f
 62/147 Test  #62: qa_volk_32f_tan_32f ..................................   Passed
        Start  63: qa_volk_32f_tanh_32f
 63/147 Test  #63: qa_volk_32f_tanh_32f .................................   Passed
        Start  64: qa_volk_32f_x2_add_32f
 64/147 Test  #64: qa_volk_32f_x2_add_32f ...............................   Passed
        Start  65: qa_volk_32f_x2_divide_32f
 65/147 Test  #65: qa_volk_32f_x2_divide_32f ............................   Passed
        Start  66: qa_volk_32f_x2_dot_prod_16i
 66/147 Test  #66: qa_volk_32f_x2_dot_prod_16i ..........................   Passed
        Start  67: qa_volk_32f_x2_dot_prod_32f
 67/147 Test  #67: qa_volk_32f_x2_dot_prod_32f ..........................   Passed
        Start  68: qa_volk_32f_x2_fm_detectpuppet_32f
 68/147 Test  #68: qa_volk_32f_x2_fm_detectpuppet_32f ...................   Passed
        Start  69: qa_volk_32f_x2_interleave_32fc
 69/147 Test  #69: qa_volk_32f_x2_interleave_32fc .......................   Passed
        Start  70: qa_volk_32f_x2_max_32f
 70/147 Test  #70: qa_volk_32f_x2_max_32f ...............................   Passed
        Start  71: qa_volk_32f_x2_min_32f
 71/147 Test  #71: qa_volk_32f_x2_min_32f ...............................   Passed
        Start  72: qa_volk_32f_x2_multiply_32f
 72/147 Test  #72: qa_volk_32f_x2_multiply_32f ..........................   Passed
        Start  73: qa_volk_32f_x2_pow_32f
 73/147 Test  #73: qa_volk_32f_x2_pow_32f ...............................   Passed
        Start  74: qa_volk_32f_x2_powpuppet_32f
 74/147 Test  #74: qa_volk_32f_x2_powpuppet_32f .........................   Passed
        Start  75: qa_volk_32f_x2_s32f_interleave_16ic
 75/147 Test  #75: qa_volk_32f_x2_s32f_interleave_16ic ..................   Passed
        Start  76: qa_volk_32f_x2_subtract_32f
 76/147 Test  #76: qa_volk_32f_x2_subtract_32f ..........................   Passed
        Start  77: qa_volk_32f_x3_sum_of_poly_32f
 77/147 Test  #77: qa_volk_32f_x3_sum_of_poly_32f .......................   Passed
        Start  78: qa_volk_32fc_32f_add_32fc
 78/147 Test  #78: qa_volk_32fc_32f_add_32fc ............................   Passed
        Start  79: qa_volk_32fc_32f_dot_prod_32fc
 79/147 Test  #79: qa_volk_32fc_32f_dot_prod_32fc .......................   Passed
        Start  80: qa_volk_32fc_32f_multiply_32fc
 80/147 Test  #80: qa_volk_32fc_32f_multiply_32fc .......................   Passed
        Start  81: qa_volk_32fc_accumulator_s32fc
 81/147 Test  #81: qa_volk_32fc_accumulator_s32fc .......................   Passed
        Start  82: qa_volk_32fc_conjugate_32fc
 82/147 Test  #82: qa_volk_32fc_conjugate_32fc ..........................   Passed
        Start  83: qa_volk_32fc_convert_16ic
 83/147 Test  #83: qa_volk_32fc_convert_16ic ............................   Passed
        Start  84: qa_volk_32fc_deinterleave_32f_x2
 84/147 Test  #84: qa_volk_32fc_deinterleave_32f_x2 .....................   Passed
        Start  85: qa_volk_32fc_deinterleave_64f_x2
 85/147 Test  #85: qa_volk_32fc_deinterleave_64f_x2 .....................   Passed
        Start  86: qa_volk_32fc_deinterleave_imag_32f
 86/147 Test  #86: qa_volk_32fc_deinterleave_imag_32f ...................   Passed
        Start  87: qa_volk_32fc_deinterleave_real_32f
 87/147 Test  #87: qa_volk_32fc_deinterleave_real_32f ...................   Passed
        Start  88: qa_volk_32fc_deinterleave_real_64f
 88/147 Test  #88: qa_volk_32fc_deinterleave_real_64f ...................   Passed
        Start  89: qa_volk_32fc_index_max_16u
 89/147 Test  #89: qa_volk_32fc_index_max_16u ...........................   Passed
        Start  90: qa_volk_32fc_index_max_32u
 90/147 Test  #90: qa_volk_32fc_index_max_32u ...........................   Passed
        Start  91: qa_volk_32fc_index_min_16u
 91/147 Test  #91: qa_volk_32fc_index_min_16u ...........................   Passed
        Start  92: qa_volk_32fc_index_min_32u
 92/147 Test  #92: qa_volk_32fc_index_min_32u ...........................   Passed
        Start  93: qa_volk_32fc_magnitude_32f
 93/147 Test  #93: qa_volk_32fc_magnitude_32f ...........................   Passed
        Start  94: qa_volk_32fc_magnitude_squared_32f
 94/147 Test  #94: qa_volk_32fc_magnitude_squared_32f ...................   Passed
        Start  95: qa_volk_32fc_s32f_atan2_32f
 95/147 Test  #95: qa_volk_32fc_s32f_atan2_32f ..........................   Passed
        Start  96: qa_volk_32fc_s32f_deinterleave_real_16i
 96/147 Test  #96: qa_volk_32fc_s32f_deinterleave_real_16i ..............   Passed
        Start  97: qa_volk_32fc_s32f_magnitude_16i
 97/147 Test  #97: qa_volk_32fc_s32f_magnitude_16i ......................   Passed
        Start  98: qa_volk_32fc_s32f_power_32fc
 98/147 Test  #98: qa_volk_32fc_s32f_power_32fc .........................   Passed
        Start  99: qa_volk_32fc_s32f_power_spectral_densitypuppet_32f
 99/147 Test  #99: qa_volk_32fc_s32f_power_spectral_densitypuppet_32f ...   Passed
        Start 100: qa_volk_32fc_s32f_power_spectrum_32f
100/147 Test #100: qa_volk_32fc_s32f_power_spectrum_32f .................   Passed
        Start 101: qa_volk_32fc_s32f_x2_power_spectral_density_32f
101/147 Test #101: qa_volk_32fc_s32f_x2_power_spectral_density_32f ......   Passed
        Start 102: qa_volk_32fc_s32fc_multiply2_32fc
102/147 Test #102: qa_volk_32fc_s32fc_multiply2_32fc ....................   Passed
        Start 103: qa_volk_32fc_s32fc_multiply_32fc
103/147 Test #103: qa_volk_32fc_s32fc_multiply_32fc .....................   Passed
        Start 104: qa_volk_32fc_s32fc_rotator2puppet_32fc
104/147 Test #104: qa_volk_32fc_s32fc_rotator2puppet_32fc ...............   Passed
        Start 105: qa_volk_32fc_s32fc_x2_rotator2_32fc
105/147 Test #105: qa_volk_32fc_s32fc_x2_rotator2_32fc ..................   Passed
        Start 106: qa_volk_32fc_s32fc_x2_rotator_32fc
106/147 Test #106: qa_volk_32fc_s32fc_x2_rotator_32fc ...................   Passed
        Start 107: qa_volk_32fc_x2_add_32fc
107/147 Test #107: qa_volk_32fc_x2_add_32fc .............................   Passed
        Start 108: qa_volk_32fc_x2_conjugate_dot_prod_32fc
108/147 Test #108: qa_volk_32fc_x2_conjugate_dot_prod_32fc ..............   Passed
        Start 109: qa_volk_32fc_x2_divide_32fc
109/147 Test #109: qa_volk_32fc_x2_divide_32fc ..........................   Passed
        Start 110: qa_volk_32fc_x2_dot_prod_32fc
110/147 Test #110: qa_volk_32fc_x2_dot_prod_32fc ........................   Passed
        Start 111: qa_volk_32fc_x2_multiply_32fc
111/147 Test #111: qa_volk_32fc_x2_multiply_32fc ........................   Passed
        Start 112: qa_volk_32fc_x2_multiply_conjugate_32fc
112/147 Test #112: qa_volk_32fc_x2_multiply_conjugate_32fc ..............   Passed
        Start 113: qa_volk_32fc_x2_s32f_square_dist_scalar_mult_32f
113/147 Test #113: qa_volk_32fc_x2_s32f_square_dist_scalar_mult_32f .....   Passed
        Start 114: qa_volk_32fc_x2_s32fc_multiply_conjugate_add2_32fc
114/147 Test #114: qa_volk_32fc_x2_s32fc_multiply_conjugate_add2_32fc ...   Passed
        Start 115: qa_volk_32fc_x2_s32fc_multiply_conjugate_add_32fc
115/147 Test #115: qa_volk_32fc_x2_s32fc_multiply_conjugate_add_32fc ....   Passed
        Start 116: qa_volk_32fc_x2_square_dist_32f
116/147 Test #116: qa_volk_32fc_x2_square_dist_32f ......................   Passed
        Start 117: qa_volk_32i_s32f_convert_32f
117/147 Test #117: qa_volk_32i_s32f_convert_32f .........................   Passed
        Start 118: qa_volk_32i_x2_and_32i
118/147 Test #118: qa_volk_32i_x2_and_32i ...............................   Passed
        Start 119: qa_volk_32i_x2_or_32i
119/147 Test #119: qa_volk_32i_x2_or_32i ................................   Passed
        Start 120: qa_volk_32u_byteswap
120/147 Test #120: qa_volk_32u_byteswap .................................   Passed
        Start 121: qa_volk_32u_byteswappuppet_32u
121/147 Test #121: qa_volk_32u_byteswappuppet_32u .......................   Passed
        Start 122: qa_volk_32u_popcnt
122/147 Test #122: qa_volk_32u_popcnt ...................................   Passed
        Start 123: qa_volk_32u_popcntpuppet_32u
123/147 Test #123: qa_volk_32u_popcntpuppet_32u .........................   Passed
        Start 124: qa_volk_32u_reverse_32u
124/147 Test #124: qa_volk_32u_reverse_32u ..............................   Passed
        Start 125: qa_volk_64f_convert_32f
125/147 Test #125: qa_volk_64f_convert_32f ..............................   Passed
        Start 126: qa_volk_64f_x2_add_64f
126/147 Test #126: qa_volk_64f_x2_add_64f ...............................   Passed
        Start 127: qa_volk_64f_x2_max_64f
127/147 Test #127: qa_volk_64f_x2_max_64f ...............................   Passed
        Start 128: qa_volk_64f_x2_min_64f
128/147 Test #128: qa_volk_64f_x2_min_64f ...............................   Passed
        Start 129: qa_volk_64f_x2_multiply_64f
129/147 Test #129: qa_volk_64f_x2_multiply_64f ..........................   Passed
        Start 130: qa_volk_64u_byteswap
130/147 Test #130: qa_volk_64u_byteswap .................................   Passed
        Start 131: qa_volk_64u_byteswappuppet_64u
131/147 Test #131: qa_volk_64u_byteswappuppet_64u .......................   Passed
        Start 132: qa_volk_64u_popcnt
132/147 Test #132: qa_volk_64u_popcnt ...................................   Passed
        Start 133: qa_volk_64u_popcntpuppet_64u
133/147 Test #133: qa_volk_64u_popcntpuppet_64u .........................   Passed
        Start 134: qa_volk_8i_convert_16i
134/147 Test #134: qa_volk_8i_convert_16i ...............................   Passed
        Start 135: qa_volk_8i_s32f_convert_32f
135/147 Test #135: qa_volk_8i_s32f_convert_32f ..........................   Passed
        Start 136: qa_volk_8ic_deinterleave_16i_x2
136/147 Test #136: qa_volk_8ic_deinterleave_16i_x2 ......................   Passed
        Start 137: qa_volk_8ic_deinterleave_real_16i
137/147 Test #137: qa_volk_8ic_deinterleave_real_16i ....................   Passed
        Start 138: qa_volk_8ic_deinterleave_real_8i
138/147 Test #138: qa_volk_8ic_deinterleave_real_8i .....................   Passed
        Start 139: qa_volk_8ic_s32f_deinterleave_32f_x2
139/147 Test #139: qa_volk_8ic_s32f_deinterleave_32f_x2 .................   Passed
        Start 140: qa_volk_8ic_s32f_deinterleave_real_32f
140/147 Test #140: qa_volk_8ic_s32f_deinterleave_real_32f ...............   Passed
        Start 141: qa_volk_8ic_x2_multiply_conjugate_16ic
141/147 Test #141: qa_volk_8ic_x2_multiply_conjugate_16ic ...............   Passed
        Start 142: qa_volk_8ic_x2_s32f_multiply_conjugate_32fc
142/147 Test #142: qa_volk_8ic_x2_s32f_multiply_conjugate_32fc ..........   Passed
        Start 143: qa_volk_8u_conv_k7_r2puppet_8u
143/147 Test #143: qa_volk_8u_conv_k7_r2puppet_8u .......................   Passed
        Start 144: qa_volk_8u_x2_encodeframepolar_8u
144/147 Test #144: qa_volk_8u_x2_encodeframepolar_8u ....................   Passed
        Start 145: qa_volk_8u_x3_encodepolar_8u_x2
145/147 Test #145: qa_volk_8u_x3_encodepolar_8u_x2 ......................   Passed
        Start 146: qa_volk_8u_x3_encodepolarpuppet_8u
146/147 Test #146: qa_volk_8u_x3_encodepolarpuppet_8u ...................   Passed
        Start 147: qa_volk_8u_x4_conv_k7_r2_8u
147/147 Test #147: qa_volk_8u_x4_conv_k7_r2_8u ..........................   Passed

100% tests passed, 0 tests failed out of 147

Total Test time (real) =
DURATION: 37
END: /usr/lib/volk/ptest
2025-01-19T18:23
STOP: ptest-runner
TOTAL: 3 FAIL: 2
