START: ptest-runner
2025-01-19T04:09
BEGIN: /usr/lib/fftw/ptest
PASS: fftw
PASS: fftwf
PASS: fftwl
DURATION: 974
END: /usr/lib/fftw/ptest
2025-01-19T04:25
2025-01-19T04:25
BEGIN: /usr/lib/gnuradio/ptest
Test project /usr/lib/gnuradio/ptest
        Start   1: qa_flowgraph
  1/221 Test   #1: qa_flowgraph .........................   Passed
        Start   2: qa_prefs
  2/221 Test   #2: qa_prefs .............................   Passed
        Start   3: qa_python_logging
  3/221 Test   #3: qa_python_logging ....................   Passed
        Start   4: qa_random
  4/221 Test   #4: qa_random ............................   Passed
        Start   5: qa_sys_paths
  5/221 Test   #5: qa_sys_paths .........................   Passed
        Start   6: qa_tag_utils
[    0.000000] Booting Linux on physical CPU 0x0
[    0.000000] Linux version 6.12.9-yocto-standard (oe-user@oe-host) (arm-oe-linux-gnueabi-gcc (GCC) 14.2.0, GNU ld (GNU Binutils) 2.43.1.20241111) #1 SMP PREEMPT Fri Jan 10 17:45:46 UTC 2025
[    0.000000] CPU: ARMv7 Processor [414fc0f0] revision 0 (ARMv7), cr=30c5387d
[    0.000000] CPU: div instructions available: patching division code
[    0.000000] CPU: PIPT / VIPT nonaliasing data cache, PIPT instruction cache
[    0.000000] OF: fdt: Machine model: linux,dummy-virt
[    0.000000] random: crng init done
[    0.000000] Memory policy: Data cache writealloc
[    0.000000] Zone ranges:
[    0.000000]   Normal   [mem 0x0000000040000000-0x000000006fffffff]
[    0.000000]   HighMem  [mem 0x0000000070000000-0x00000000bfffffff]
[    0.000000] Movable zone start for each node
[    0.000000] Early memory node ranges
[    0.000000]   node   0: [mem 0x0000000040000000-0x00000000bfffffff]
[    0.000000] Initmem setup node 0 [mem 0x0000000040000000-0x00000000bfffffff]
[    0.000000] psci: probing for conduit method from DT.
[    0.000000] psci: PSCIv1.1 detected in firmware.
[    0.000000] psci: Using standard PSCI v0.2 function IDs
[    0.000000] psci: Trusted OS migration not required
[    0.000000] psci: SMC Calling Convention v1.0
[    0.000000] percpu: Embedded 18 pages/cpu s42252 r8192 d23284 u73728
[    0.000000] pcpu-alloc: s42252 r8192 d23284 u73728 alloc=18*4096
[    0.000000] pcpu-alloc: [0] 0 [0] 1 [0] 2 [0] 3 
[    0.000000] Kernel command line: root=/dev/vda rw  mem=2048M ip=192.168.7.2::192.168.7.1:255.255.255.0::eth0:off:8.8.8.8 net.ifnames=0 swiotlb=0 
[    0.000000] Dentry cache hash table entries: 131072 (order: 7, 524288 bytes, linear)
[    0.000000] Inode-cache hash table entries: 65536 (order: 6, 262144 bytes, linear)
[    0.000000] Built 1 zonelists, mobility grouping on.  Total pages: 524288
[    0.000000] mem auto-init: stack:all(zero), heap alloc:off, heap free:off
[    0.000000] SLUB: HWalign=64, Order=0-3, MinObjects=0, CPUs=4, Nodes=1
[    0.000000] ftrace: allocating 43028 entries in 127 pages
[    0.000000] ftrace: allocated 127 pages with 7 groups
[    0.000000] rcu: Preemptible hierarchical RCU implementation.
[    0.000000] rcu: 	RCU restricting CPUs from NR_CPUS=8 to nr_cpu_ids=4.
[    0.000000] 	Trampoline variant of Tasks RCU enabled.
[    0.000000] 	Rude variant of Tasks RCU enabled.
[    0.000000] 	Tracing variant of Tasks RCU enabled.
[    0.000000] rcu: RCU calculated value of scheduler-enlistment delay is 10 jiffies.
[    0.000000] rcu: Adjusting geometry for rcu_fanout_leaf=16, nr_cpu_ids=4
[    0.000000] RCU Tasks: Setting shift to 2 and lim to 1 rcu_task_cb_adjust=1 rcu_task_cpu_ids=4.
[    0.000000] RCU Tasks Rude: Setting shift to 2 and lim to 1 rcu_task_cb_adjust=1 rcu_task_cpu_ids=4.
[    0.000000] RCU Tasks Trace: Setting shift to 2 and lim to 1 rcu_task_cb_adjust=1 rcu_task_cpu_ids=4.
[    0.000000] NR_IRQS: 16, nr_irqs: 16, preallocated irqs: 16
[    0.000000] GICv2m: range[mem 0x08020000-0x08020fff], SPI[80:143]
[    0.000000] rcu: srcu_init: Setting srcu_struct sizes based on contention.
[    0.000000] arch_timer: cp15 timer(s) running at 62.50MHz (virt).
[    0.000000] clocksource: arch_sys_counter: mask: 0x1ffffffffffffff max_cycles: 0x1cd42e208c, max_idle_ns: 881590405314 ns
[    0.000188] sched_clock: 57 bits at 63MHz, resolution 16ns, wraps every 4398046511096ns
[    0.000381] Switching to timer-based delay loop, resolution 16ns
[    0.015687] kfence: initialized - using 2097152 bytes for 255 objects at 0x(ptrval)-0x(ptrval)
[    0.023823] Console: colour dummy device 80x30
[    0.024979] printk: legacy console [tty0] enabled
[    0.029796] Calibrating delay loop (skipped), value calculated using timer frequency.. 125.00 BogoMIPS (lpj=625000)
[    0.030044] CPU: Testing write buffer coherency: ok
[    0.031739] CPU0: Spectre v2: firmware did not set auxiliary control register IBE bit, system vulnerable
[    0.031982] CPU0: Spectre BHB: enabling loop workaround for all CPUs
[    0.032149] pid_max: default: 32768 minimum: 301
[    0.034092] LSM: initializing lsm=capability,landlock
[    0.034857] landlock: Up and running.
[    0.036932] Mount-cache hash table entries: 2048 (order: 1, 8192 bytes, linear)
[    0.037039] Mountpoint-cache hash table entries: 2048 (order: 1, 8192 bytes, linear)
[    0.070356] /cpus/cpu@0 missing clock-frequency property
[    0.070816] /cpus/cpu@1 missing clock-frequency property
[    0.070911] /cpus/cpu@2 missing clock-frequency property
[    0.071000] /cpus/cpu@3 missing clock-frequency property
[    0.074804] CPU0: thread -1, cpu 0, socket 0, mpidr 80000000
[    0.099062] Setting up static identity map for 0x40200000 - 0x40200060
[    0.100593] rcu: Hierarchical SRCU implementation.
[    0.100692] rcu: 	Max phase no-delay instances is 1000.
[    0.114965] smp: Bringing up secondary CPUs ...
[    0.146354] CPU1: thread -1, cpu 1, socket 0, mpidr 80000001
[    0.146443] CPU1: Spectre v2: firmware did not set auxiliary control register IBE bit, system vulnerable
[    0.155572] CPU2: thread -1, cpu 2, socket 0, mpidr 80000002
[    0.155628] CPU2: Spectre v2: firmware did not set auxiliary control register IBE bit, system vulnerable
[    0.176439] CPU3: thread -1, cpu 3, socket 0, mpidr 80000003
[    0.176509] CPU3: Spectre v2: firmware did not set auxiliary control register IBE bit, system vulnerable
[    0.177516] smp: Brought up 1 node, 4 CPUs
[    0.177805] SMP: Total of 4 processors activated (500.00 BogoMIPS).
[    0.178824] CPU: All CPU(s) started in SVC mode.
[    0.192419] Memory: 2048640K/2097152K available (12288K kernel code, 1491K rwdata, 2924K rodata, 2048K init, 343K bss, 43060K reserved, 0K cma-reserved, 1310720K highmem)
[    0.205659] devtmpfs: initialized
[    0.233623] VFP support v0.3: implementor 41 architecture 4 part 30 variant f rev 0
[    0.257862] clocksource: jiffies: mask: 0xffffffff max_cycles: 0xffffffff, max_idle_ns: 19112604462750000 ns
[    0.259084] futex hash table entries: 1024 (order: 4, 65536 bytes, linear)
[    0.289567] NET: Registered PF_NETLINK/PF_ROUTE protocol family
[    0.296519] DMA: preallocated 256 KiB pool for atomic coherent allocations
[    0.305321] cpuidle: using governor ladder
[    0.307690] hw-breakpoint: found 5 (+1 reserved) breakpoint and 4 watchpoint registers.
[    0.307872] hw-breakpoint: maximum watchpoint size is 8 bytes.
[    0.310075] Serial: AMBA PL011 UART driver
[    0.357891] 9000000.pl011: ttyAMA0 at MMIO 0x9000000 (irq = 28, base_baud = 0) is a PL011 rev1
[    0.360066] printk: legacy console [ttyAMA0] enabled
[    0.395164] 9040000.pl011: ttyAMA1 at MMIO 0x9040000 (irq = 29, base_baud = 0) is a PL011 rev1
[    0.399608] kprobes: kprobe jump-optimization is enabled. All kprobes are optimized if possible.
[    0.412020] cryptd: max_cpu_qlen set to 1000
[    0.587699] raid6: neonx8   gen()   769 MB/s
[    0.759988] raid6: neonx4   gen()  1953 MB/s
[    0.932317] raid6: neonx2   gen()  1828 MB/s
[    1.104682] raid6: neonx1   gen()  1269 MB/s
[    1.276634] raid6: int32x8  gen()   173 MB/s
[    1.448415] raid6: int32x4  gen()   184 MB/s
[    1.620371] raid6: int32x2  gen()   558 MB/s
[    1.792317] raid6: int32x1  gen()   595 MB/s
[    1.792636] raid6: using algorithm neonx4 gen() 1953 MB/s
[    1.965702] raid6: .... xor() 911 MB/s, rmw enabled
[    1.966082] raid6: using neon recovery algorithm
[    1.972603] SCSI subsystem initialized
[    1.973826] usbcore: registered new interface driver usbfs
[    1.974377] usbcore: registered new interface driver hub
[    1.974926] usbcore: registered new device driver usb
[    1.975803] pps_core: LinuxPPS API ver. 1 registered
[    1.976085] pps_core: Software ver. 5.3.6 - Copyright 2005-2007 Rodolfo Giometti <giometti@linux.it>
[    1.976655] PTP clock support registered
[    1.995291] vgaarb: loaded
[    2.002244] clocksource: Switched to clocksource arch_sys_counter
[    2.041455] NET: Registered PF_INET protocol family
[    2.043433] IP idents hash table entries: 16384 (order: 5, 131072 bytes, linear)
[    2.053718] tcp_listen_portaddr_hash hash table entries: 512 (order: 0, 4096 bytes, linear)
[    2.054285] Table-perturb hash table entries: 65536 (order: 6, 262144 bytes, linear)
[    2.054737] TCP established hash table entries: 8192 (order: 3, 32768 bytes, linear)
[    2.055308] TCP bind hash table entries: 8192 (order: 5, 131072 bytes, linear)
[    2.055940] TCP: Hash tables configured (established 8192 bind 8192)
[    2.057559] UDP hash table entries: 512 (order: 2, 16384 bytes, linear)
[    2.058159] UDP-Lite hash table entries: 512 (order: 2, 16384 bytes, linear)
[    2.169813] NET: Registered PF_UNIX/PF_LOCAL protocol family
[    2.175469] RPC: Registered named UNIX socket transport module.
[    2.175862] RPC: Registered udp transport module.
[    2.176102] RPC: Registered tcp transport module.
[    2.176321] RPC: Registered tcp-with-tls transport module.
[    2.176566] RPC: Registered tcp NFSv4.1 backchannel transport module.
[    2.176976] PCI: CLS 0 bytes, default 64
[    2.187925] workingset: timestamp_bits=14 max_order=19 bucket_order=5
[    2.194186] NFS: Registering the id_resolver key type
[    2.197171] Key type id_resolver registered
[    2.197436] Key type id_legacy registered
[    2.205834] Key type cifs.idmap registered
[    2.363880] xor: measuring software checksum speed
[    2.367428]    arm4regs        :  1047 MB/sec
[    2.370295]    8regs           :  1267 MB/sec
[    2.373524]    32regs          :  1095 MB/sec
[    2.376284]    neon            :  1325 MB/sec
[    2.376546] xor: using function: neon (1325 MB/sec)
[    2.376834] async_tx: api initialized (async)
[    2.378408] bounce: pool size: 64 pages
[    2.378912] Block layer SCSI generic (bsg) driver version 0.4 loaded (major 249)
[    2.379453] io scheduler mq-deadline registered
[    2.379796] io scheduler kyber registered
[    2.384240] pci-host-generic 3f000000.pcie: host bridge /pcie@10000000 ranges:
[    2.385483] pci-host-generic 3f000000.pcie:       IO 0x003eff0000..0x003effffff -> 0x0000000000
[    2.386715] pci-host-generic 3f000000.pcie:      MEM 0x0010000000..0x003efeffff -> 0x0010000000
[    2.388199] pci-host-generic 3f000000.pcie: ECAM at [mem 0x3f000000-0x3fffffff] for [bus 00-0f]
[    2.390452] pci-host-generic 3f000000.pcie: PCI host bridge to bus 0000:00
[    2.391046] pci_bus 0000:00: root bus resource [bus 00-0f]
[    2.392035] pci_bus 0000:00: root bus resource [io  0x0000-0xffff]
[    2.392554] pci_bus 0000:00: root bus resource [mem 0x10000000-0x3efeffff]
[    2.396334] pci 0000:00:00.0: [1b36:0008] type 00 class 0x060000 conventional PCI endpoint
[    2.401037] pci 0000:00:01.0: [1af4:1005] type 00 class 0x00ff00 conventional PCI endpoint
[    2.402203] pci 0000:00:01.0: BAR 0 [io  0x0000-0x001f]
[    2.402554] pci 0000:00:01.0: BAR 1 [mem 0x00000000-0x00000fff]
[    2.402904] pci 0000:00:01.0: BAR 4 [mem 0x00000000-0x00003fff 64bit pref]
[    2.404118] pci 0000:00:02.0: [1b36:000d] type 00 class 0x0c0330 PCIe Root Complex Integrated Endpoint
[    2.404569] pci 0000:00:02.0: BAR 0 [mem 0x00000000-0x00003fff 64bit]
[    2.405200] pci 0000:00:02.0: enabling Extended Tags
[    2.406129] pci 0000:00:03.0: [1af4:1050] type 00 class 0x038000 conventional PCI endpoint
[    2.406550] pci 0000:00:03.0: BAR 1 [mem 0x00000000-0x00000fff]
[    2.406848] pci 0000:00:03.0: BAR 4 [mem 0x00000000-0x00003fff 64bit pref]
[    2.409129] PCI: bus0: Fast back to back transfers disabled
[    2.411703] pci 0000:00:01.0: BAR 4 [mem 0x10000000-0x10003fff 64bit pref]: assigned
[    2.412758] pci 0000:00:02.0: BAR 0 [mem 0x10004000-0x10007fff 64bit]: assigned
[    2.413221] pci 0000:00:03.0: BAR 4 [mem 0x10008000-0x1000bfff 64bit pref]: assigned
[    2.413643] pci 0000:00:01.0: BAR 1 [mem 0x1000c000-0x1000cfff]: assigned
[    2.413948] pci 0000:00:03.0: BAR 1 [mem 0x1000d000-0x1000dfff]: assigned
[    2.414254] pci 0000:00:01.0: BAR 0 [io  0x1000-0x101f]: assigned
[    2.414843] pci_bus 0000:00: resource 4 [io  0x0000-0xffff]
[    2.415107] pci_bus 0000:00: resource 5 [mem 0x10000000-0x3efeffff]
[    2.416630] pci 0000:00:02.0: enabling device (0100 -> 0102)
[    2.426282] virtio-pci 0000:00:01.0: enabling device (0100 -> 0103)
[    2.429841] virtio-pci 0000:00:03.0: enabling device (0100 -> 0102)
[    2.451014] [drm] pci: virtio-gpu-pci detected at 0000:00:03.0
[    2.452611] [drm] features: -virgl +edid -resource_blob -host_visible
[    2.452652] [drm] features: -context_init
[    2.454557] [drm] number of scanouts: 1
[    2.454808] [drm] number of cap sets: 0
[    2.469290] [drm] Initialized virtio_gpu 0.1.0 for 0000:00:03.0 on minor 0
[    2.569933] Console: switching to colour frame buffer device 160x50
[    2.588639] virtio-pci 0000:00:03.0: [drm] fb0: virtio_gpudrmfb frame buffer device
[    2.639823] brd: module loaded
[    2.640955] virtio_blk virtio0: 1/0/0 default/read/poll queues
[    2.649590] virtio_blk virtio0: [vda] 19295744 512-byte logical blocks (9.88 GB/9.20 GiB)
[    2.676717] xhci_hcd 0000:00:02.0: xHCI Host Controller
[    2.678461] xhci_hcd 0000:00:02.0: new USB bus registered, assigned bus number 1
[    2.684589] xhci_hcd 0000:00:02.0: hcc params 0x00087001 hci version 0x100 quirks 0x0000000000000010
[    2.689894] xhci_hcd 0000:00:02.0: xHCI Host Controller
[    2.691004] xhci_hcd 0000:00:02.0: new USB bus registered, assigned bus number 2
[    2.693166] xhci_hcd 0000:00:02.0: Host supports USB 3.0 SuperSpeed
[    2.706115] hub 1-0:1.0: USB hub found
[    2.708098] hub 1-0:1.0: 4 ports detected
[    2.714936] usb usb2: We don't know the algorithms for LPM for this host, disabling LPM.
[    2.719041] hub 2-0:1.0: USB hub found
[    2.720433] hub 2-0:1.0: 4 ports detected
[    2.730802] rtc-pl031 9010000.pl031: registered as rtc0
[    2.733755] rtc-pl031 9010000.pl031: setting system clock to 2025-01-19T04:08:54 UTC (1737259734)
[    2.739317] device-mapper: ioctl: 4.48.0-ioctl (2023-03-01) initialised: dm-devel@lists.linux.dev
[    2.745168] usbcore: registered new interface driver usbhid
[    2.746322] usbhid: USB HID core driver
[    2.752583] u32 classifier
[    2.755932]     input device check on
[    2.759192]     Actions configured
[    2.766633] NET: Registered PF_INET6 protocol family
[    2.782517] Segment Routing with IPv6
[    2.787140] In-situ OAM (IOAM) with IPv6
[    2.792787] sit: IPv6, IPv4 and MPLS over IPv4 tunneling driver
[    2.800672] NET: Registered PF_PACKET protocol family
[    2.806306] Bridge firewalling registered
[    2.812132] l2tp_core: L2TP core driver, V2.0
[    2.816131] Key type dns_resolver registered
[    2.820429] NET: Registered PF_VSOCK protocol family
[    2.825997] Registering SWP/SWPB emulation handler
[    2.857534] registered taskstats version 1
[    2.891464] Key type .fscrypt registered
[    2.895556] Key type fscrypt-provisioning registered
[    2.907777] Btrfs loaded, zoned=no, fsverity=no
[    2.945831] Key type encrypted registered
[    2.952855] printk: legacy console [netcon0] enabled
[    2.956848] netconsole: network logging started
[    3.011835] usb 1-1: new high-speed USB device number 2 using xhci_hcd
[    3.012702] IP-Config: Complete:
[    3.018026]      device=eth0, hwaddr=52:54:00:12:34:02, ipaddr=192.168.7.2, mask=255.255.255.0, gw=192.168.7.1
[    3.023081]      host=192.168.7.2, domain=, nis-domain=(none)
[    3.026932]      bootserver=255.255.255.255, rootserver=255.255.255.255, rootpath=
[    3.027114]      nameserver0=8.8.8.8
[    3.037637] clk: Disabling unused clocks
[    3.048129] md: Waiting for all devices to be available before autodetect
[    3.052385] md: If you don't use raid, use raid=noautodetect
[    3.056255] md: Autodetecting RAID arrays.
[    3.059677] md: autorun ...
[    3.063610] md: ... autorun DONE.
[    3.205380] input: QEMU QEMU USB Tablet as /devices/platform/3f000000.pcie/pci0000:00/0000:00:02.0/usb1/1-1/1-1:1.0/0003:0627:0001.0001/input/input0
[    3.213800] hid-generic 0003:0627:0001.0001: input: USB HID v0.01 Mouse [QEMU QEMU USB Tablet] on usb-0000:00:02.0-1/input0
[    3.341507] usb 1-2: new high-speed USB device number 3 using xhci_hcd
[    3.438666] EXT4-fs (vda): mounted filesystem a0bdf9fd-6496-478f-9735-24183c819fff r/w with ordered data mode. Quota mode: disabled.
[    3.445693] VFS: Mounted root (ext4 filesystem) on device 253:0.
[    3.460117] devtmpfs: mounted
[    3.543753] input: QEMU QEMU USB Keyboard as /devices/platform/3f000000.pcie/pci0000:00/0000:00:02.0/usb1/1-2/1-2:1.0/0003:0627:0001.0002/input/input1
[    3.612672] hid-generic 0003:0627:0001.0002: input: USB HID v1.11 Keyboard [QEMU QEMU USB Keyboard] on usb-0000:00:02.0-2/input0
[    3.622552] Freeing unused kernel image (initmem) memory: 2048K
[    3.719658] Run /sbin/init as init process
[    3.724023]   with arguments:
[    3.724095]     /sbin/init
[    3.724133]   with environment:
[    3.724166]     HOME=/
[    3.724190]     TERM=linux
[    6.757947] udevd[136]: starting version 3.2.14
[    6.933585] udevd[136]: GOTO 'alsa_restore_std' has no matching label in: '/lib/udev/rules.d/90-alsa-restore.rules'
[    6.934365] udevd[136]: GOTO 'alsa_restore_std' has no matching label in: '/lib/udev/rules.d/90-alsa-restore.rules'
[    6.955135] udevd[137]: starting eudev-3.2.14
[    7.330110] udevd[137]: GOTO 'alsa_restore_std' has no matching label in: '/lib/udev/rules.d/90-alsa-restore.rules'
[    7.330868] udevd[137]: GOTO 'alsa_restore_std' has no matching label in: '/lib/udev/rules.d/90-alsa-restore.rules'
[    8.295804] EXT4-fs (vda): re-mounted a0bdf9fd-6496-478f-9735-24183c819fff r/w. Quota mode: disabled.
init
  |-avahi-daemon
  |   `-avahi-daemon
  |-dbus-daemon --system
  |-getty 38400 tty1
  |-klogd -n
  |-ntpd -u ntp:ntp -p /var/run/ntpd.pid -g
  |   `-{ntpd}
  |-rpc.statd
  |-rpcbind
  |-sshd
  |   `-sshd-session
  |       `-sshd-session
  |           `-sh -c ptest-runner -t 1000; shutdown -hf now
  |               `-ptest-runner -t 1000
  |                   |-ptest-runner-co /usr/bin/ptest-runner-collect-system-data
  |                   |   `-pstree -a -l
  |                   `-(run-ptest)
  |-start_getty /bin/start_getty 115200 ttyAMA0 vt102
  |   `-getty -L 115200 ttyAMA0 vt102
  |-syslogd -n -O /var/log/messages
  |-tcf-agent -d -L- -l0
  |   `-3*[{tcf-agent}]
  |-ttyrun hvc0 /bin/start_getty 115200 hvc0 vt102
  `-udevd -d
Filesystem     1K-blocks    Used Available Use% Mounted on
/dev/root        8941524 7229912   1212836  86% /
devtmpfs         1027044       0   1027044   0% /dev
tmpfs                 40       0        40   0% /mnt
tmpfs            1028068     100   1027968   1% /run
tmpfs            1028068      60   1028008   1% /var/volatile
               total        used        free      shared  buff/cache   available
Mem:         2056140       94272     1955540        4160       69148     1961868
Swap:              0           0           0

ERROR: Exited from signal Killed (9)
DURATION: 1062
TIMEOUT: /usr/lib/gnuradio/ptest
END: /usr/lib/gnuradio/ptest
2025-01-19T04:43
2025-01-19T04:43
BEGIN: /usr/lib/volk/ptest
Test project /usr/lib/volk/ptest
        Start   1: qa_volk_16i_32fc_dot_prod_32fc
  1/147 Test   #1: qa_volk_16i_32fc_dot_prod_32fc .......................   Passed
        Start   2: qa_volk_16i_branch_4_state_8
  2/147 Test   #2: qa_volk_16i_branch_4_state_8 .........................   Passed
        Start   3: qa_volk_16i_convert_8i
  3/147 Test   #3: qa_volk_16i_convert_8i ...............................   Passed
        Start   4: qa_volk_16i_max_star_16i
  4/147 Test   #4: qa_volk_16i_max_star_16i .............................   Passed
        Start   5: qa_volk_16i_max_star_horizontal_16i
  5/147 Test   #5: qa_volk_16i_max_star_horizontal_16i ..................   Passed
        Start   6: qa_volk_16i_permute_and_scalar_add
  6/147 Test   #6: qa_volk_16i_permute_and_scalar_add ...................   Passed
        Start   7: qa_volk_16i_s32f_convert_32f
  7/147 Test   #7: qa_volk_16i_s32f_convert_32f .........................   Passed
        Start   8: qa_volk_16i_x4_quad_max_star_16i
  8/147 Test   #8: qa_volk_16i_x4_quad_max_star_16i .....................   Passed
        Start   9: qa_volk_16i_x5_add_quad_16i_x4
  9/147 Test   #9: qa_volk_16i_x5_add_quad_16i_x4 .......................   Passed
        Start  10: qa_volk_16ic_convert_32fc
 10/147 Test  #10: qa_volk_16ic_convert_32fc ............................   Passed
        Start  11: qa_volk_16ic_deinterleave_16i_x2
 11/147 Test  #11: qa_volk_16ic_deinterleave_16i_x2 .....................   Passed
        Start  12: qa_volk_16ic_deinterleave_real_16i
 12/147 Test  #12: qa_volk_16ic_deinterleave_real_16i ...................   Passed
        Start  13: qa_volk_16ic_deinterleave_real_8i
 13/147 Test  #13: qa_volk_16ic_deinterleave_real_8i ....................   Passed
        Start  14: qa_volk_16ic_magnitude_16i
 14/147 Test  #14: qa_volk_16ic_magnitude_16i ...........................   Passed
        Start  15: qa_volk_16ic_s32f_deinterleave_32f_x2
 15/147 Test  #15: qa_volk_16ic_s32f_deinterleave_32f_x2 ................   Passed
        Start  16: qa_volk_16ic_s32f_deinterleave_real_32f
 16/147 Test  #16: qa_volk_16ic_s32f_deinterleave_real_32f ..............   Passed
        Start  17: qa_volk_16ic_s32f_magnitude_32f
 17/147 Test  #17: qa_volk_16ic_s32f_magnitude_32f ......................   Passed
        Start  18: qa_volk_16ic_x2_dot_prod_16ic
 18/147 Test  #18: qa_volk_16ic_x2_dot_prod_16ic ........................   Passed
        Start  19: qa_volk_16ic_x2_multiply_16ic
 19/147 Test  #19: qa_volk_16ic_x2_multiply_16ic ........................   Passed
        Start  20: qa_volk_16u_byteswap
 20/147 Test  #20: qa_volk_16u_byteswap .................................   Passed
        Start  21: qa_volk_16u_byteswappuppet_16u
 21/147 Test  #21: qa_volk_16u_byteswappuppet_16u .......................   Passed
        Start  22: qa_volk_32f_64f_add_64f
 22/147 Test  #22: qa_volk_32f_64f_add_64f ..............................   Passed
        Start  23: qa_volk_32f_64f_multiply_64f
 23/147 Test  #23: qa_volk_32f_64f_multiply_64f .........................   Passed
        Start  24: qa_volk_32f_8u_polarbutterfly_32f
 24/147 Test  #24: qa_volk_32f_8u_polarbutterfly_32f ....................   Passed
        Start  25: qa_volk_32f_8u_polarbutterflypuppet_32f
 25/147 Test  #25: qa_volk_32f_8u_polarbutterflypuppet_32f ..............   Passed
        Start  26: qa_volk_32f_accumulator_s32f
 26/147 Test  #26: qa_volk_32f_accumulator_s32f .........................   Passed
        Start  27: qa_volk_32f_acos_32f
 27/147 Test  #27: qa_volk_32f_acos_32f .................................   Passed
        Start  28: qa_volk_32f_asin_32f
 28/147 Test  #28: qa_volk_32f_asin_32f .................................   Passed
        Start  29: qa_volk_32f_atan_32f
 29/147 Test  #29: qa_volk_32f_atan_32f .................................   Passed
        Start  30: qa_volk_32f_binary_slicer_32i
 30/147 Test  #30: qa_volk_32f_binary_slicer_32i ........................   Passed
        Start  31: qa_volk_32f_binary_slicer_8i
 31/147 Test  #31: qa_volk_32f_binary_slicer_8i .........................   Passed
        Start  32: qa_volk_32f_convert_64f
 32/147 Test  #32: qa_volk_32f_convert_64f ..............................   Passed
        Start  33: qa_volk_32f_cos_32f
 33/147 Test  #33: qa_volk_32f_cos_32f ..................................   Passed
        Start  34: qa_volk_32f_exp_32f
 34/147 Test  #34: qa_volk_32f_exp_32f ..................................   Passed
        Start  35: qa_volk_32f_expfast_32f
 35/147 Test  #35: qa_volk_32f_expfast_32f ..............................   Passed
        Start  36: qa_volk_32f_index_max_16u
 36/147 Test  #36: qa_volk_32f_index_max_16u ............................   Passed
        Start  37: qa_volk_32f_index_max_32u
 37/147 Test  #37: qa_volk_32f_index_max_32u ............................   Passed
        Start  38: qa_volk_32f_index_min_16u
 38/147 Test  #38: qa_volk_32f_index_min_16u ............................   Passed
        Start  39: qa_volk_32f_index_min_32u
 39/147 Test  #39: qa_volk_32f_index_min_32u ............................   Passed
        Start  40: qa_volk_32f_invsqrt_32f
 40/147 Test  #40: qa_volk_32f_invsqrt_32f ..............................   Passed
        Start  41: qa_volk_32f_log2_32f
 41/147 Test  #41: qa_volk_32f_log2_32f .................................   Passed
        Start  42: qa_volk_32f_null_32f
 42/147 Test  #42: qa_volk_32f_null_32f .................................   Passed
        Start  43: qa_volk_32f_s32f_32f_fm_detect_32f
 43/147 Test  #43: qa_volk_32f_s32f_32f_fm_detect_32f ...................   Passed
        Start  44: qa_volk_32f_s32f_add_32f
 44/147 Test  #44: qa_volk_32f_s32f_add_32f .............................   Passed
        Start  45: qa_volk_32f_s32f_calc_spectral_noise_floor_32f
 45/147 Test  #45: qa_volk_32f_s32f_calc_spectral_noise_floor_32f .......   Passed
        Start  46: qa_volk_32f_s32f_clamppuppet_32f
 46/147 Test  #46: qa_volk_32f_s32f_clamppuppet_32f .....................   Passed
        Start  47: qa_volk_32f_s32f_convert_16i
 47/147 Test  #47: qa_volk_32f_s32f_convert_16i .........................   Passed
        Start  48: qa_volk_32f_s32f_convert_32i
 48/147 Test  #48: qa_volk_32f_s32f_convert_32i .........................   Passed
        Start  49: qa_volk_32f_s32f_convert_8i
 49/147 Test  #49: qa_volk_32f_s32f_convert_8i ..........................   Passed
        Start  50: qa_volk_32f_s32f_convertpuppet_8u
 50/147 Test  #50: qa_volk_32f_s32f_convertpuppet_8u ....................   Passed
        Start  51: qa_volk_32f_s32f_mod_rangepuppet_32f
 51/147 Test  #51: qa_volk_32f_s32f_mod_rangepuppet_32f .................   Passed
        Start  52: qa_volk_32f_s32f_multiply_32f
 52/147 Test  #52: qa_volk_32f_s32f_multiply_32f ........................   Passed
        Start  53: qa_volk_32f_s32f_normalize
 53/147 Test  #53: qa_volk_32f_s32f_normalize ...........................   Passed
        Start  54: qa_volk_32f_s32f_power_32f
 54/147 Test  #54: qa_volk_32f_s32f_power_32f ...........................   Passed
        Start  55: qa_volk_32f_s32f_s32f_mod_range_32f
 55/147 Test  #55: qa_volk_32f_s32f_s32f_mod_range_32f ..................   Passed
        Start  56: qa_volk_32f_s32f_stddev_32f
 56/147 Test  #56: qa_volk_32f_s32f_stddev_32f ..........................   Passed
        Start  57: qa_volk_32f_s32f_x2_clamp_32f
 57/147 Test  #57: qa_volk_32f_s32f_x2_clamp_32f ........................   Passed
        Start  58: qa_volk_32f_s32f_x2_convert_8u
 58/147 Test  #58: qa_volk_32f_s32f_x2_convert_8u .......................   Passed
        Start  59: qa_volk_32f_sin_32f
 59/147 Test  #59: qa_volk_32f_sin_32f ..................................   Passed
        Start  60: qa_volk_32f_sqrt_32f
 60/147 Test  #60: qa_volk_32f_sqrt_32f .................................   Passed
        Start  61: qa_volk_32f_stddev_and_mean_32f_x2
 61/147 Test  #61: qa_volk_32f_stddev_and_mean_32f_x2 ...................   Passed
        Start  62: qa_volk_32f_tan_32f
 62/147 Test  #62: qa_volk_32f_tan_32f ..................................   Passed
        Start  63: qa_volk_32f_tanh_32f
 63/147 Test  #63: qa_volk_32f_tanh_32f .................................   Passed
        Start  64: qa_volk_32f_x2_add_32f
 64/147 Test  #64: qa_volk_32f_x2_add_32f ...............................   Passed
        Start  65: qa_volk_32f_x2_divide_32f
 65/147 Test  #65: qa_volk_32f_x2_divide_32f ............................   Passed
        Start  66: qa_volk_32f_x2_dot_prod_16i
 66/147 Test  #66: qa_volk_32f_x2_dot_prod_16i ..........................   Passed
        Start  67: qa_volk_32f_x2_dot_prod_32f
 67/147 Test  #67: qa_volk_32f_x2_dot_prod_32f ..........................   Passed
        Start  68: qa_volk_32f_x2_fm_detectpuppet_32f
 68/147 Test  #68: qa_volk_32f_x2_fm_detectpuppet_32f ...................   Passed
        Start  69: qa_volk_32f_x2_interleave_32fc
 69/147 Test  #69: qa_volk_32f_x2_interleave_32fc .......................   Passed
        Start  70: qa_volk_32f_x2_max_32f
 70/147 Test  #70: qa_volk_32f_x2_max_32f ...............................   Passed
        Start  71: qa_volk_32f_x2_min_32f
 71/147 Test  #71: qa_volk_32f_x2_min_32f ...............................   Passed
        Start  72: qa_volk_32f_x2_multiply_32f
 72/147 Test  #72: qa_volk_32f_x2_multiply_32f ..........................   Passed
        Start  73: qa_volk_32f_x2_pow_32f
 73/147 Test  #73: qa_volk_32f_x2_pow_32f ...............................   Passed
        Start  74: qa_volk_32f_x2_powpuppet_32f
 74/147 Test  #74: qa_volk_32f_x2_powpuppet_32f .........................   Passed
        Start  75: qa_volk_32f_x2_s32f_interleave_16ic
 75/147 Test  #75: qa_volk_32f_x2_s32f_interleave_16ic ..................   Passed
        Start  76: qa_volk_32f_x2_subtract_32f
 76/147 Test  #76: qa_volk_32f_x2_subtract_32f ..........................   Passed
        Start  77: qa_volk_32f_x3_sum_of_poly_32f
 77/147 Test  #77: qa_volk_32f_x3_sum_of_poly_32f .......................   Passed
        Start  78: qa_volk_32fc_32f_add_32fc
 78/147 Test  #78: qa_volk_32fc_32f_add_32fc ............................   Passed
        Start  79: qa_volk_32fc_32f_dot_prod_32fc
 79/147 Test  #79: qa_volk_32fc_32f_dot_prod_32fc .......................   Passed
        Start  80: qa_volk_32fc_32f_multiply_32fc
 80/147 Test  #80: qa_volk_32fc_32f_multiply_32fc .......................   Passed
        Start  81: qa_volk_32fc_accumulator_s32fc
 81/147 Test  #81: qa_volk_32fc_accumulator_s32fc .......................   Passed
        Start  82: qa_volk_32fc_conjugate_32fc
 82/147 Test  #82: qa_volk_32fc_conjugate_32fc ..........................   Passed
        Start  83: qa_volk_32fc_convert_16ic
 83/147 Test  #83: qa_volk_32fc_convert_16ic ............................   Passed
        Start  84: qa_volk_32fc_deinterleave_32f_x2
 84/147 Test  #84: qa_volk_32fc_deinterleave_32f_x2 .....................   Passed
        Start  85: qa_volk_32fc_deinterleave_64f_x2
 85/147 Test  #85: qa_volk_32fc_deinterleave_64f_x2 .....................   Passed
        Start  86: qa_volk_32fc_deinterleave_imag_32f
 86/147 Test  #86: qa_volk_32fc_deinterleave_imag_32f ...................   Passed
        Start  87: qa_volk_32fc_deinterleave_real_32f
 87/147 Test  #87: qa_volk_32fc_deinterleave_real_32f ...................   Passed
        Start  88: qa_volk_32fc_deinterleave_real_64f
 88/147 Test  #88: qa_volk_32fc_deinterleave_real_64f ...................   Passed
        Start  89: qa_volk_32fc_index_max_16u
 89/147 Test  #89: qa_volk_32fc_index_max_16u ...........................   Passed
        Start  90: qa_volk_32fc_index_max_32u
 90/147 Test  #90: qa_volk_32fc_index_max_32u ...........................   Passed
        Start  91: qa_volk_32fc_index_min_16u
 91/147 Test  #91: qa_volk_32fc_index_min_16u ...........................   Passed
        Start  92: qa_volk_32fc_index_min_32u
 92/147 Test  #92: qa_volk_32fc_index_min_32u ...........................   Passed
        Start  93: qa_volk_32fc_magnitude_32f
 93/147 Test  #93: qa_volk_32fc_magnitude_32f ...........................   Passed
        Start  94: qa_volk_32fc_magnitude_squared_32f
 94/147 Test  #94: qa_volk_32fc_magnitude_squared_32f ...................   Passed
        Start  95: qa_volk_32fc_s32f_atan2_32f
 95/147 Test  #95: qa_volk_32fc_s32f_atan2_32f ..........................   Passed
        Start  96: qa_volk_32fc_s32f_deinterleave_real_16i
 96/147 Test  #96: qa_volk_32fc_s32f_deinterleave_real_16i ..............   Passed
        Start  97: qa_volk_32fc_s32f_magnitude_16i
 97/147 Test  #97: qa_volk_32fc_s32f_magnitude_16i ......................   Passed
        Start  98: qa_volk_32fc_s32f_power_32fc
 98/147 Test  #98: qa_volk_32fc_s32f_power_32fc .........................   Passed
        Start  99: qa_volk_32fc_s32f_power_spectral_densitypuppet_32f
 99/147 Test  #99: qa_volk_32fc_s32f_power_spectral_densitypuppet_32f ...   Passed
        Start 100: qa_volk_32fc_s32f_power_spectrum_32f
100/147 Test #100: qa_volk_32fc_s32f_power_spectrum_32f .................   Passed
        Start 101: qa_volk_32fc_s32f_x2_power_spectral_density_32f
101/147 Test #101: qa_volk_32fc_s32f_x2_power_spectral_density_32f ......   Passed
        Start 102: qa_volk_32fc_s32fc_multiply2_32fc
102/147 Test #102: qa_volk_32fc_s32fc_multiply2_32fc ....................   Passed
        Start 103: qa_volk_32fc_s32fc_multiply_32fc
103/147 Test #103: qa_volk_32fc_s32fc_multiply_32fc .....................   Passed
        Start 104: qa_volk_32fc_s32fc_rotator2puppet_32fc
104/147 Test #104: qa_volk_32fc_s32fc_rotator2puppet_32fc ...............   Passed
        Start 105: qa_volk_32fc_s32fc_x2_rotator2_32fc
105/147 Test #105: qa_volk_32fc_s32fc_x2_rotator2_32fc ..................   Passed
        Start 106: qa_volk_32fc_s32fc_x2_rotator_32fc
106/147 Test #106: qa_volk_32fc_s32fc_x2_rotator_32fc ...................   Passed
        Start 107: qa_volk_32fc_x2_add_32fc
107/147 Test #107: qa_volk_32fc_x2_add_32fc .............................   Passed
        Start 108: qa_volk_32fc_x2_conjugate_dot_prod_32fc
108/147 Test #108: qa_volk_32fc_x2_conjugate_dot_prod_32fc ..............   Passed
        Start 109: qa_volk_32fc_x2_divide_32fc
109/147 Test #109: qa_volk_32fc_x2_divide_32fc ..........................   Passed
        Start 110: qa_volk_32fc_x2_dot_prod_32fc
110/147 Test #110: qa_volk_32fc_x2_dot_prod_32fc ........................   Passed
        Start 111: qa_volk_32fc_x2_multiply_32fc
111/147 Test #111: qa_volk_32fc_x2_multiply_32fc ........................   Passed
        Start 112: qa_volk_32fc_x2_multiply_conjugate_32fc
112/147 Test #112: qa_volk_32fc_x2_multiply_conjugate_32fc ..............   Passed
        Start 113: qa_volk_32fc_x2_s32f_square_dist_scalar_mult_32f
113/147 Test #113: qa_volk_32fc_x2_s32f_square_dist_scalar_mult_32f .....   Passed
        Start 114: qa_volk_32fc_x2_s32fc_multiply_conjugate_add2_32fc
114/147 Test #114: qa_volk_32fc_x2_s32fc_multiply_conjugate_add2_32fc ...   Passed
        Start 115: qa_volk_32fc_x2_s32fc_multiply_conjugate_add_32fc
115/147 Test #115: qa_volk_32fc_x2_s32fc_multiply_conjugate_add_32fc ....   Passed
        Start 116: qa_volk_32fc_x2_square_dist_32f
116/147 Test #116: qa_volk_32fc_x2_square_dist_32f ......................   Passed
        Start 117: qa_volk_32i_s32f_convert_32f
117/147 Test #117: qa_volk_32i_s32f_convert_32f .........................   Passed
        Start 118: qa_volk_32i_x2_and_32i
118/147 Test #118: qa_volk_32i_x2_and_32i ...............................   Passed
        Start 119: qa_volk_32i_x2_or_32i
119/147 Test #119: qa_volk_32i_x2_or_32i ................................   Passed
        Start 120: qa_volk_32u_byteswap
120/147 Test #120: qa_volk_32u_byteswap .................................   Passed
        Start 121: qa_volk_32u_byteswappuppet_32u
121/147 Test #121: qa_volk_32u_byteswappuppet_32u .......................   Passed
        Start 122: qa_volk_32u_popcnt
122/147 Test #122: qa_volk_32u_popcnt ...................................   Passed
        Start 123: qa_volk_32u_popcntpuppet_32u
123/147 Test #123: qa_volk_32u_popcntpuppet_32u .........................   Passed
        Start 124: qa_volk_32u_reverse_32u
124/147 Test #124: qa_volk_32u_reverse_32u ..............................   Passed
        Start 125: qa_volk_64f_convert_32f
125/147 Test #125: qa_volk_64f_convert_32f ..............................   Passed
        Start 126: qa_volk_64f_x2_add_64f
126/147 Test #126: qa_volk_64f_x2_add_64f ...............................   Passed
        Start 127: qa_volk_64f_x2_max_64f
127/147 Test #127: qa_volk_64f_x2_max_64f ...............................   Passed
        Start 128: qa_volk_64f_x2_min_64f
128/147 Test #128: qa_volk_64f_x2_min_64f ...............................   Passed
        Start 129: qa_volk_64f_x2_multiply_64f
129/147 Test #129: qa_volk_64f_x2_multiply_64f ..........................   Passed
        Start 130: qa_volk_64u_byteswap
130/147 Test #130: qa_volk_64u_byteswap .................................   Passed
        Start 131: qa_volk_64u_byteswappuppet_64u
131/147 Test #131: qa_volk_64u_byteswappuppet_64u .......................   Passed
        Start 132: qa_volk_64u_popcnt
132/147 Test #132: qa_volk_64u_popcnt ...................................   Passed
        Start 133: qa_volk_64u_popcntpuppet_64u
133/147 Test #133: qa_volk_64u_popcntpuppet_64u .........................   Passed
        Start 134: qa_volk_8i_convert_16i
134/147 Test #134: qa_volk_8i_convert_16i ...............................   Passed
        Start 135: qa_volk_8i_s32f_convert_32f
135/147 Test #135: qa_volk_8i_s32f_convert_32f ..........................   Passed
        Start 136: qa_volk_8ic_deinterleave_16i_x2
136/147 Test #136: qa_volk_8ic_deinterleave_16i_x2 ......................   Passed
        Start 137: qa_volk_8ic_deinterleave_real_16i
137/147 Test #137: qa_volk_8ic_deinterleave_real_16i ....................   Passed
        Start 138: qa_volk_8ic_deinterleave_real_8i
138/147 Test #138: qa_volk_8ic_deinterleave_real_8i .....................   Passed
        Start 139: qa_volk_8ic_s32f_deinterleave_32f_x2
139/147 Test #139: qa_volk_8ic_s32f_deinterleave_32f_x2 .................   Passed
        Start 140: qa_volk_8ic_s32f_deinterleave_real_32f
140/147 Test #140: qa_volk_8ic_s32f_deinterleave_real_32f ...............   Passed
        Start 141: qa_volk_8ic_x2_multiply_conjugate_16ic
141/147 Test #141: qa_volk_8ic_x2_multiply_conjugate_16ic ...............   Passed
        Start 142: qa_volk_8ic_x2_s32f_multiply_conjugate_32fc
142/147 Test #142: qa_volk_8ic_x2_s32f_multiply_conjugate_32fc ..........   Passed
        Start 143: qa_volk_8u_conv_k7_r2puppet_8u
143/147 Test #143: qa_volk_8u_conv_k7_r2puppet_8u .......................   Passed
        Start 144: qa_volk_8u_x2_encodeframepolar_8u
144/147 Test #144: qa_volk_8u_x2_encodeframepolar_8u ....................   Passed
        Start 145: qa_volk_8u_x3_encodepolar_8u_x2
145/147 Test #145: qa_volk_8u_x3_encodepolar_8u_x2 ......................   Passed
        Start 146: qa_volk_8u_x3_encodepolarpuppet_8u
146/147 Test #146: qa_volk_8u_x3_encodepolarpuppet_8u ...................   Passed
        Start 147: qa_volk_8u_x4_conv_k7_r2_8u
147/147 Test #147: qa_volk_8u_x4_conv_k7_r2_8u ..........................   Passed

100% tests passed, 0 tests failed out of 147

Total Test time (real) =
DURATION: 45
END: /usr/lib/volk/ptest
2025-01-19T04:43
STOP: ptest-runner
TOTAL: 3 FAIL: 2
